Archive member included to satisfy reference by file (symbol)

/home/morten/devkitpro/libogc/lib/wii/libwiiuse.a(wpad.o)
                              main.o (WPAD_Init)
/home/morten/devkitpro/libogc/lib/wii/libwiiuse.a(motion_plus.o)
                              /home/morten/devkitpro/libogc/lib/wii/libwiiuse.a(wpad.o) (wiiuse_set_motion_plus)
/home/morten/devkitpro/libogc/lib/wii/libwiiuse.a(dynamics.o)
                              /home/morten/devkitpro/libogc/lib/wii/libwiiuse.a(wpad.o) (calculate_gforce)
/home/morten/devkitpro/libogc/lib/wii/libwiiuse.a(io.o)
                              /home/morten/devkitpro/libogc/lib/wii/libwiiuse.a(motion_plus.o) (wiiuse_disable_expansion)
/home/morten/devkitpro/libogc/lib/wii/libwiiuse.a(io_wii.o)
                              /home/morten/devkitpro/libogc/lib/wii/libwiiuse.a(wpad.o) (__wiiuse_sensorbar_enable)
/home/morten/devkitpro/libogc/lib/wii/libwiiuse.a(ir.o)
                              /home/morten/devkitpro/libogc/lib/wii/libwiiuse.a(motion_plus.o) (wiiuse_set_ir_mode)
/home/morten/devkitpro/libogc/lib/wii/libwiiuse.a(nunchuk.o)
                              /home/morten/devkitpro/libogc/lib/wii/libwiiuse.a(io.o) (nunchuk_handshake)
/home/morten/devkitpro/libogc/lib/wii/libwiiuse.a(wiiboard.o)
                              /home/morten/devkitpro/libogc/lib/wii/libwiiuse.a(io.o) (wii_board_handshake)
/home/morten/devkitpro/libogc/lib/wii/libwiiuse.a(wiiuse.o)
                              /home/morten/devkitpro/libogc/lib/wii/libwiiuse.a(wpad.o) (wiiuse_init)
/home/morten/devkitpro/libogc/lib/wii/libwiiuse.a(speaker.o)
                              /home/morten/devkitpro/libogc/lib/wii/libwiiuse.a(wpad.o) (wencdata)
/home/morten/devkitpro/libogc/lib/wii/libwiiuse.a(classic.o)
                              /home/morten/devkitpro/libogc/lib/wii/libwiiuse.a(io.o) (classic_ctrl_handshake)
/home/morten/devkitpro/libogc/lib/wii/libwiiuse.a(events.o)
                              /home/morten/devkitpro/libogc/lib/wii/libwiiuse.a(io_wii.o) (parse_event)
/home/morten/devkitpro/libogc/lib/wii/libwiiuse.a(guitar_hero_3.o)
                              /home/morten/devkitpro/libogc/lib/wii/libwiiuse.a(io.o) (guitar_hero_3_handshake)
/home/morten/devkitpro/libogc/lib/wii/libbte.a(bte.o)
                              /home/morten/devkitpro/libogc/lib/wii/libwiiuse.a(wpad.o) (BTE_Init)
/home/morten/devkitpro/libogc/lib/wii/libbte.a(hci.o)
                              /home/morten/devkitpro/libogc/lib/wii/libbte.a(bte.o) (hci_init)
/home/morten/devkitpro/libogc/lib/wii/libbte.a(l2cap.o)
                              /home/morten/devkitpro/libogc/lib/wii/libbte.a(bte.o) (l2cap_init)
/home/morten/devkitpro/libogc/lib/wii/libbte.a(btmemb.o)
                              /home/morten/devkitpro/libogc/lib/wii/libbte.a(bte.o) (btmemb_init)
/home/morten/devkitpro/libogc/lib/wii/libbte.a(btmemr.o)
                              /home/morten/devkitpro/libogc/lib/wii/libbte.a(hci.o) (btmemr_init)
/home/morten/devkitpro/libogc/lib/wii/libbte.a(btpbuf.o)
                              /home/morten/devkitpro/libogc/lib/wii/libbte.a(hci.o) (btpbuf_init)
/home/morten/devkitpro/libogc/lib/wii/libbte.a(physbusif.o)
                              /home/morten/devkitpro/libogc/lib/wii/libbte.a(bte.o) (physbusif_init)
/home/morten/devkitpro/libogc/lib/wii/libfat.a(libfat.o)
                              main.o (fatInitDefault)
/home/morten/devkitpro/libogc/lib/wii/libfat.a(partition.o)
                              /home/morten/devkitpro/libogc/lib/wii/libfat.a(libfat.o) (_FAT_partition_constructor)
/home/morten/devkitpro/libogc/lib/wii/libfat.a(fatdir.o)
                              /home/morten/devkitpro/libogc/lib/wii/libfat.a(libfat.o) (_FAT_stat_r)
/home/morten/devkitpro/libogc/lib/wii/libfat.a(cache.o)
                              /home/morten/devkitpro/libogc/lib/wii/libfat.a(partition.o) (_FAT_cache_constructor)
/home/morten/devkitpro/libogc/lib/wii/libfat.a(fatfile.o)
                              /home/morten/devkitpro/libogc/lib/wii/libfat.a(libfat.o) (_FAT_open_r)
/home/morten/devkitpro/libogc/lib/wii/libfat.a(disc.o)
                              /home/morten/devkitpro/libogc/lib/wii/libfat.a(libfat.o) (_FAT_disc_interfaces)
/home/morten/devkitpro/libogc/lib/wii/libfat.a(file_allocation_table.o)
                              /home/morten/devkitpro/libogc/lib/wii/libfat.a(fatfile.o) (_FAT_fat_nextCluster)
/home/morten/devkitpro/libogc/lib/wii/libfat.a(filetime.o)
                              /home/morten/devkitpro/libogc/lib/wii/libfat.a(fatdir.o) (_FAT_filetime_getTimeFromRTC)
/home/morten/devkitpro/libogc/lib/wii/libfat.a(directory.o)
                              /home/morten/devkitpro/libogc/lib/wii/libfat.a(fatdir.o) (_FAT_directory_entryGetCluster)
/home/morten/devkitpro/libogc/lib/wii/libogc.a(console.o)
                              main.o (CON_Init)
/home/morten/devkitpro/libogc/lib/wii/libogc.a(lwp_queue.o)
[...]
Memory Configuration

Name             Origin             Length             Attributes
*default*        0x0000000000000000 0xffffffffffffffff

Linker script and memory map

                0x0000000000003400                . = 0x3400

.stub
 *(.stub)
                0x0000000080004000                . = 0x80004000

.init           0x0000000080004000      0x194
 *crt0.o(*.init)
 .init          0x0000000080004000      0x170 /home/morten/devkitpro/libogc/lib/wii/libogc.a(ogc_crt0.o)
                0x0000000080004000                _start
                0x0000000080004140                _memset
 *(.init)
 .init          0x0000000080004170        0xc /home/morten/devkitpro/devkitPPC/bin/../lib/gcc/powerpc-eabi/6.3.0/ecrti.o
                0x0000000080004170                __init
 .init          0x000000008000417c        0x4 /home/morten/devkitpro/devkitPPC/bin/../lib/gcc/powerpc-eabi/6.3.0/crtbegin.o
 .init          0x0000000080004180        0x4 /home/morten/devkitpro/devkitPPC/bin/../lib/gcc/powerpc-eabi/6.3.0/crtend.o
 .init          0x0000000080004184       0x10 /home/morten/devkitpro/devkitPPC/bin/../lib/gcc/powerpc-eabi/6.3.0/ecrtn.o

.rela.dyn       0x0000000080004194        0x0
 .rela.iplt     0x0000000080004194        0x0 /home/morten/devkitpro/devkitPPC/bin/../lib/gcc/powerpc-eabi/6.3.0/crtbegin.o

.plt
 *(.plt)

.interp
 *(.interp)

.hash
 *(.hash)

.dynsym
 *(.dynsym)

.dynstr
 *(.dynstr)

.gnu.version
 *(.gnu.version)

.gnu.version_d
 *(.gnu.version_d)

.gnu.version_r
 *(.gnu.version_r)

.rel.init
 *(.rel.init)

.rela.init      0x0000000080004194        0x0
 *(.rela.init)
 .rela.init     0x0000000080004194        0x0 /home/morten/devkitpro/devkitPPC/bin/../lib/gcc/powerpc-eabi/6.3.0/crtbegin.o

.rel.text
 *(.rel.text .rel.text.* .rel.gnu.linkonce.t.*)

.rela.text      0x0000000080004194        0x0
 *(.rela.text .rela.text.* .rela.gnu.linkonce.t.*)
 .rela.text.deregister_tm_clones
                0x0000000080004194        0x0 /home/morten/devkitpro/devkitPPC/bin/../lib/gcc/powerpc-eabi/6.3.0/crtbegin.o
 .rela.text.register_tm_clones
                0x0000000080004194        0x0 /home/morten/devkitpro/devkitPPC/bin/../lib/gcc/powerpc-eabi/6.3.0/crtbegin.o
 .rela.text.__do_global_dtors_aux
                0x0000000080004194        0x0 /home/morten/devkitpro/devkitPPC/bin/../lib/gcc/powerpc-eabi/6.3.0/crtbegin.o
 .rela.text.frame_dummy
                0x0000000080004194        0x0 /home/morten/devkitpro/devkitPPC/bin/../lib/gcc/powerpc-eabi/6.3.0/crtbegin.o
 .rela.text.checkELFHeader
                0x0000000080004194        0x0 /home/morten/devkitpro/devkitPPC/bin/../lib/gcc/powerpc-eabi/6.3.0/crtbegin.o
 .rela.text.loadElf
                0x0000000080004194        0x0 /home/morten/devkitpro/devkitPPC/bin/../lib/gcc/powerpc-eabi/6.3.0/crtbegin.o
 .rela.text.wiiuse_probe_motion_plus_check1
                0x0000000080004194        0x0 /home/morten/devkitpro/devkitPPC/bin/../lib/gcc/powerpc-eabi/6.3.0/crtbegin.o
 .rela.text.wiiuse_probe_motion_plus
                0x0000000080004194        0x0 /home/morten/devkitpro/devkitPPC/bin/../lib/gcc/powerpc-eabi/6.3.0/crtbegin.o
 .rela.text.wiiuse_handshake
                0x0000000080004194        0x0 /home/morten/devkitpro/devkitPPC/bin/../lib/gcc/powerpc-eabi/6.3.0/crtbegin.o
 .rela.text.wiiuse_handshake_expansion
                0x0000000080004194        0x0 /home/morten/devkitpro/devkitPPC/bin/../lib/gcc/powerpc-eabi/6.3.0/crtbegin.o
 .rela.text.wiiuse_init_cmd_queue
                0x0000000080004194        0x0 /home/morten/devkitpro/devkitPPC/bin/../lib/gcc/powerpc-eabi/6.3.0/crtbegin.o
 .rela.text.wiiuse_init
                0x0000000080004194        0x0 /home/morten/devkitpro/devkitPPC/bin/../lib/gcc/powerpc-eabi/6.3.0/crtbegin.o
 .rela.text.bt_alarmhandler
                0x0000000080004194        0x0 /home/morten/devkitpro/devkitPPC/bin/../lib/gcc/powerpc-eabi/6.3.0/crtbegin.o
 .rela.text.fatUnmount
                0x0000000080004194        0x0 /home/morten/devkitpro/devkitPPC/bin/../lib/gcc/powerpc-eabi/6.3.0/crtbegin.o
 .rela.text.fatInit
                0x0000000080004194        0x0 /home/morten/devkitpro/devkitPPC/bin/../lib/gcc/powerpc-eabi/6.3.0/crtbegin.o
 .rela.text.fatGetVolumeLabel
                0x0000000080004194        0x0 /home/morten/devkitpro/devkitPPC/bin/../lib/gcc/powerpc-eabi/6.3.0/crtbegin.o
 .rela.text.get_io_wiisd
                0x0000000080004194        0x0 /home/morten/devkitpro/devkitPPC/bin/../lib/gcc/powerpc-eabi/6.3.0/crtbegin.o
 .rela.text.get_io_usbstorage
                0x0000000080004194        0x0 /home/morten/devkitpro/devkitPPC/bin/../lib/gcc/powerpc-eabi/6.3.0/crtbegin.o
 .rela.text.get_io_gcsda
                0x0000000080004194        0x0 /home/morten/devkitpro/devkitPPC/bin/../lib/gcc/powerpc-eabi/6.3.0/crtbegin.o
 .rela.text.get_io_gcsdb
                0x0000000080004194        0x0 /home/morten/devkitpro/devkitPPC/bin/../lib/gcc/powerpc-eabi/6.3.0/crtbegin.o
 .rela.text.__console_init
                0x0000000080004194        0x0 /home/morten/devkitpro/devkitPPC/bin/../lib/gcc/powerpc-eabi/6.3.0/crtbegin.o
 .rela.text.__console_init_ex
                0x0000000080004194        0x0 /home/morten/devkitpro/devkitPPC/bin/../lib/gcc/powerpc-eabi/6.3.0/crtbegin.o
 .rela.text.CON_EnableGecko
                0x0000000080004194        0x0 /home/morten/devkitpro/devkitPPC/bin/../lib/gcc/powerpc-eabi/6.3.0/crtbegin.o
 .rela.text.__lwp_rotate_readyqueue
                0x0000000080004194        0x0 /home/morten/devkitpro/devkitPPC/bin/../lib/gcc/powerpc-eabi/6.3.0/crtbegin.o
 .rela.text.__lwp_thread_tickle_timeslice
                0x0000000080004194        0x0 /home/morten/devkitpro/devkitPPC/bin/../lib/gcc/powerpc-eabi/6.3.0/crtbegin.o
 .rela.text.__lwp_thread_setstate
                0x0000000080004194        0x0 /home/morten/devkitpro/devkitPPC/bin/../lib/gcc/powerpc-eabi/6.3.0/crtbegin.o
 .rela.text.__lwp_thread_setpriority
                0x0000000080004194        0x0 /home/morten/devkitpro/devkitPPC/bin/../lib/gcc/powerpc-eabi/6.3.0/crtbegin.o
 .rela.text.__lwp_thread_suspend
                0x0000000080004194        0x0 /home/morten/devkitpro/devkitPPC/bin/../lib/gcc/powerpc-eabi/6.3.0/crtbegin.o
 .rela.text.__lwp_thread_changepriority
                0x0000000080004194        0x0 /home/morten/devkitpro/devkitPPC/bin/../lib/gcc/powerpc-eabi/6.3.0/crtbegin.o
 .rela.text.__lwp_thread_ready
                0x0000000080004194        0x0 /home/morten/devkitpro/devkitPPC/bin/../lib/gcc/powerpc-eabi/6.3.0/crtbegin.o
 .rela.text.__lwp_thread_init
                0x0000000080004194        0x0 /home/morten/devkitpro/devkitPPC/bin/../lib/gcc/powerpc-eabi/6.3.0/crtbegin.o
 .rela.text.__lwp_thread_close
                0x0000000080004194        0x0 /home/morten/devkitpro/devkitPPC/bin/../lib/gcc/powerpc-eabi/6.3.0/crtbegin.o
 .rela.text.__lwp_thread_closeall
                0x0000000080004194        0x0 /home/morten/devkitpro/devkitPPC/bin/../lib/gcc/powerpc-eabi/6.3.0/crtbegin.o
 .rela.text.__lwp_thread_startmultitasking
                0x0000000080004194        0x0 /home/morten/devkitpro/devkitPPC/bin/../lib/gcc/powerpc-eabi/6.3.0/crtbegin.o
 .rela.text.__lwp_thread_stopmultitasking
                0x0000000080004194        0x0 /home/morten/devkitpro/devkitPPC/bin/../lib/gcc/powerpc-eabi/6.3.0/crtbegin.o
 .rela.text.__lwp_thread_coreinit
                0x0000000080004194        0x0 /home/morten/devkitpro/devkitPPC/bin/../lib/gcc/powerpc-eabi/6.3.0/crtbegin.o
 .rela.text.__lwp_sysinit
                0x0000000080004194        0x0 /home/morten/devkitpro/devkitPPC/bin/../lib/gcc/powerpc-eabi/6.3.0/crtbegin.o
 .rela.text.__lwp_thread_isalive
                0x0000000080004194        0x0 /home/morten/devkitpro/devkitPPC/bin/../lib/gcc/powerpc-eabi/6.3.0/crtbegin.o
 .rela.text.__lwp_thread_exists
                0x0000000080004194        0x0 /home/morten/devkitpro/devkitPPC/bin/../lib/gcc/powerpc-eabi/6.3.0/crtbegin.o
 .rela.text.__lwp_thread_context
                0x0000000080004194        0x0 /home/morten/devkitpro/devkitPPC/bin/../lib/gcc/powerpc-eabi/6.3.0/crtbegin.o
 .rela.text.LWP_CreateThread
                0x0000000080004194        0x0 /home/morten/devkitpro/devkitPPC/bin/../lib/gcc/powerpc-eabi/6.3.0/crtbegin.o
 .rela.text.LWP_SuspendThread
                0x0000000080004194        0x0 /home/morten/devkitpro/devkitPPC/bin/../lib/gcc/powerpc-eabi/6.3.0/crtbegin.o
 .rela.text.LWP_ResumeThread
                0x0000000080004194        0x0 /home/morten/devkitpro/devkitPPC/bin/../lib/gcc/powerpc-eabi/6.3.0/crtbegin.o
 .rela.text.LWP_SetThreadPriority
                0x0000000080004194        0x0 /home/morten/devkitpro/devkitPPC/bin/../lib/gcc/powerpc-eabi/6.3.0/crtbegin.o
 .rela.text.LWP_ThreadIsSuspended
                0x0000000080004194        0x0 /home/morten/devkitpro/devkitPPC/bin/../lib/gcc/powerpc-eabi/6.3.0/crtbegin.o
 .rela.text.LWP_JoinThread
                0x0000000080004194        0x0 /home/morten/devkitpro/devkitPPC/bin/../lib/gcc/powerpc-eabi/6.3.0/crtbegin.o
 .rela.text.LWP_InitQueue
                0x0000000080004194        0x0 /home/morten/devkitpro/devkitPPC/bin/../lib/gcc/powerpc-eabi/6.3.0/crtbegin.o
 .rela.text.LWP_CloseQueue
                0x0000000080004194        0x0 /home/morten/devkitpro/devkitPPC/bin/../lib/gcc/powerpc-eabi/6.3.0/crtbegin.o
 .rela.text.LWP_ThreadSleep
                0x0000000080004194        0x0 /home/morten/devkitpro/devkitPPC/bin/../lib/gcc/powerpc-eabi/6.3.0/crtbegin.o
 .rela.text.LWP_ThreadBroadcast
                0x0000000080004194        0x0 /home/morten/devkitpro/devkitPPC/bin/../lib/gcc/powerpc-eabi/6.3.0/crtbegin.o
 .rela.text.LWP_ThreadSignal
                0x0000000080004194        0x0 /home/morten/devkitpro/devkitPPC/bin/../lib/gcc/powerpc-eabi/6.3.0/crtbegin.o
 .rela.text.__lwp_stack_allocate
                0x0000000080004194        0x0 /home/morten/devkitpro/devkitPPC/bin/../lib/gcc/powerpc-eabi/6.3.0/crtbegin.o
 .rela.text.__lwp_stack_free
                0x0000000080004194        0x0 /home/morten/devkitpro/devkitPPC/bin/../lib/gcc/powerpc-eabi/6.3.0/crtbegin.o
 .rela.text.__lwp_watchdog_init
                0x0000000080004194        0x0 /home/morten/devkitpro/devkitPPC/bin/../lib/gcc/powerpc-eabi/6.3.0/crtbegin.o
 .rela.text.__lwp_wd_tickle
                0x0000000080004194        0x0 /home/morten/devkitpro/devkitPPC/bin/../lib/gcc/powerpc-eabi/6.3.0/crtbegin.o
 .rela.text.__lwp_wkspace_heapfree
                0x0000000080004194        0x0 /home/morten/devkitpro/devkitPPC/bin/../lib/gcc/powerpc-eabi/6.3.0/crtbegin.o
 .rela.text.__lwp_wkspace_heapused
                0x0000000080004194        0x0 /home/morten/devkitpro/devkitPPC/bin/../lib/gcc/powerpc-eabi/6.3.0/crtbegin.o
 .rela.text.__lwp_wkspace_init
                0x0000000080004194        0x0 /home/morten/devkitpro/devkitPPC/bin/../lib/gcc/powerpc-eabi/6.3.0/crtbegin.o
 .rela.text.__lwp_objmgr_initinfo
                0x0000000080004194        0x0 /home/morten/devkitpro/devkitPPC/bin/../lib/gcc/powerpc-eabi/6.3.0/crtbegin.o
 .rela.text.__irq_init
                0x0000000080004194        0x0 /home/morten/devkitpro/devkitPPC/bin/../lib/gcc/powerpc-eabi/6.3.0/crtbegin.o
 .rela.text.__lwp_mutex_locksupp.constprop.8
                0x0000000080004194        0x0 /home/morten/devkitpro/devkitPPC/bin/../lib/gcc/powerpc-eabi/6.3.0/crtbegin.o
 .rela.text.__lwp_mutex_init
                0x0000000080004194        0x0 /home/morten/devkitpro/devkitPPC/bin/../lib/gcc/powerpc-eabi/6.3.0/crtbegin.o
 .rela.text.LWP_MutexInit
                0x0000000080004194        0x0 /home/morten/devkitpro/devkitPPC/bin/../lib/gcc/powerpc-eabi/6.3.0/crtbegin.o
 .rela.text.LWP_MutexDestroy
                0x0000000080004194        0x0 /home/morten/devkitpro/devkitPPC/bin/../lib/gcc/powerpc-eabi/6.3.0/crtbegin.o
 .rela.text.LWP_MutexUnlock
                0x0000000080004194        0x0 /home/morten/devkitpro/devkitPPC/bin/../lib/gcc/powerpc-eabi/6.3.0/crtbegin.o
 .rela.text.__call_resetfuncs
                0x0000000080004194        0x0 /home/morten/devkitpro/devkitPPC/bin/../lib/gcc/powerpc-eabi/6.3.0/crtbegin.o
 .rela.text.__unlocksram
                0x0000000080004194        0x0 /home/morten/devkitpro/devkitPPC/bin/../lib/gcc/powerpc-eabi/6.3.0/crtbegin.o
 .rela.text.__sram_writecallback
                0x0000000080004194        0x0 /home/morten/devkitpro/devkitPPC/bin/../lib/gcc/powerpc-eabi/6.3.0/crtbegin.o
 .rela.text.__sys_alarmhandler
                0x0000000080004194        0x0 /home/morten/devkitpro/devkitPPC/bin/../lib/gcc/powerpc-eabi/6.3.0/crtbegin.o
 .rela.text.__sram_read.constprop.10
                0x0000000080004194        0x0 /home/morten/devkitpro/devkitPPC/bin/../lib/gcc/powerpc-eabi/6.3.0/crtbegin.o
 .rela.text.__sram_init
                0x0000000080004194        0x0 /home/morten/devkitpro/devkitPPC/bin/../lib/gcc/powerpc-eabi/6.3.0/crtbegin.o
 .rela.text.__SYS_LockSram
                0x0000000080004194        0x0 /home/morten/devkitpro/devkitPPC/bin/../lib/gcc/powerpc-eabi/6.3.0/crtbegin.o
 .rela.text.__SYS_LockSramEx
                0x0000000080004194        0x0 /home/morten/devkitpro/devkitPPC/bin/../lib/gcc/powerpc-eabi/6.3.0/crtbegin.o
 .rela.text.__SYS_SyncSram
                0x0000000080004194        0x0 /home/morten/devkitpro/devkitPPC/bin/../lib/gcc/powerpc-eabi/6.3.0/crtbegin.o
 .rela.text.__SYS_SetBootTime
                0x0000000080004194        0x0 /home/morten/devkitpro/devkitPPC/bin/../lib/gcc/powerpc-eabi/6.3.0/crtbegin.o
 .rela.text.SYS_Init
                0x0000000080004194        0x0 /home/morten/devkitpro/devkitPPC/bin/../lib/gcc/powerpc-eabi/6.3.0/crtbegin.o
 .rela.text.SYS_SetAlarm
                0x0000000080004194        0x0 /home/morten/devkitpro/devkitPPC/bin/../lib/gcc/powerpc-eabi/6.3.0/crtbegin.o
 .rela.text.SYS_SetPeriodicAlarm
                0x0000000080004194        0x0 /home/morten/devkitpro/devkitPPC/bin/../lib/gcc/powerpc-eabi/6.3.0/crtbegin.o
 .rela.text.SYS_RemoveAlarm
                0x0000000080004194        0x0 /home/morten/devkitpro/devkitPPC/bin/../lib/gcc/powerpc-eabi/6.3.0/crtbegin.o
 .rela.text.SYS_CancelAlarm
                0x0000000080004194        0x0 /home/morten/devkitpro/devkitPPC/bin/../lib/gcc/powerpc-eabi/6.3.0/crtbegin.o
 .rela.text.SYS_SetWirelessID
                0x0000000080004194        0x0 /home/morten/devkitpro/devkitPPC/bin/../lib/gcc/powerpc-eabi/6.3.0/crtbegin.o
 .rela.text.SYS_GetWirelessID
                0x0000000080004194        0x0 /home/morten/devkitpro/devkitPPC/bin/../lib/gcc/powerpc-eabi/6.3.0/crtbegin.o
 .rela.text.__lwp_cond_waitsupp.constprop.4
                0x0000000080004194        0x0 /home/morten/devkitpro/devkitPPC/bin/../lib/gcc/powerpc-eabi/6.3.0/crtbegin.o
 .rela.text.__lwp_cond_signalsupp
                0x0000000080004194        0x0 /home/morten/devkitpro/devkitPPC/bin/../lib/gcc/powerpc-eabi/6.3.0/crtbegin.o
 .rela.text.__lwp_cond_init
                0x0000000080004194        0x0 /home/morten/devkitpro/devkitPPC/bin/../lib/gcc/powerpc-eabi/6.3.0/crtbegin.o
 .rela.text.LWP_CondInit
                0x0000000080004194        0x0 /home/morten/devkitpro/devkitPPC/bin/../lib/gcc/powerpc-eabi/6.3.0/crtbegin.o
 .rela.text.LWP_CondDestroy
                0x0000000080004194        0x0 /home/morten/devkitpro/devkitPPC/bin/../lib/gcc/powerpc-eabi/6.3.0/crtbegin.o
 .rela.text.c_decrementer_handler
                0x0000000080004194        0x0 /home/morten/devkitpro/devkitPPC/bin/../lib/gcc/powerpc-eabi/6.3.0/crtbegin.o
 .rela.text.__lwp_mqbox_init
                0x0000000080004194        0x0 /home/morten/devkitpro/devkitPPC/bin/../lib/gcc/powerpc-eabi/6.3.0/crtbegin.o
 .rela.text.MQ_Init
                0x0000000080004194        0x0 /home/morten/devkitpro/devkitPPC/bin/../lib/gcc/powerpc-eabi/6.3.0/crtbegin.o
 .rela.text.MQ_Close
                0x0000000080004194        0x0 /home/morten/devkitpro/devkitPPC/bin/../lib/gcc/powerpc-eabi/6.3.0/crtbegin.o
 .rela.text.MQ_Send
                0x0000000080004194        0x0 /home/morten/devkitpro/devkitPPC/bin/../lib/gcc/powerpc-eabi/6.3.0/crtbegin.o
 .rela.text.MQ_Receive
                0x0000000080004194        0x0 /home/morten/devkitpro/devkitPPC/bin/../lib/gcc/powerpc-eabi/6.3.0/crtbegin.o
 .rela.text.MQ_Jam
                0x0000000080004194        0x0 /home/morten/devkitpro/devkitPPC/bin/../lib/gcc/powerpc-eabi/6.3.0/crtbegin.o
 .rela.text.__ios_ioctlvformat_parse
                0x0000000080004194        0x0 /home/morten/devkitpro/devkitPPC/bin/../lib/gcc/powerpc-eabi/6.3.0/crtbegin.o
 .rela.text.__ioctlvfmtCB
                0x0000000080004194        0x0 /home/morten/devkitpro/devkitPPC/bin/../lib/gcc/powerpc-eabi/6.3.0/crtbegin.o
 .rela.text.IOS_IoctlvFormat
                0x0000000080004194        0x0 /home/morten/devkitpro/devkitPPC/bin/../lib/gcc/powerpc-eabi/6.3.0/crtbegin.o
 .rela.text.IOS_IoctlvFormatAsync
                0x0000000080004194        0x0 /home/morten/devkitpro/devkitPPC/bin/../lib/gcc/powerpc-eabi/6.3.0/crtbegin.o
 .rela.text.nanosleep
                0x0000000080004194        0x0 /home/morten/devkitpro/devkitPPC/bin/../lib/gcc/powerpc-eabi/6.3.0/crtbegin.o
 .rela.text.__libc_delete_hook
                0x0000000080004194        0x0 /home/morten/devkitpro/devkitPPC/bin/../lib/gcc/powerpc-eabi/6.3.0/crtbegin.o
 .rela.text.__libc_init
                0x0000000080004194        0x0 /home/morten/devkitpro/devkitPPC/bin/../lib/gcc/powerpc-eabi/6.3.0/crtbegin.o
 .rela.text.__libc_wrapup
                0x0000000080004194        0x0 /home/morten/devkitpro/devkitPPC/bin/../lib/gcc/powerpc-eabi/6.3.0/crtbegin.o
 .rela.text.__CheckARGV
                0x0000000080004194        0x0 /home/morten/devkitpro/devkitPPC/bin/../lib/gcc/powerpc-eabi/6.3.0/crtbegin.o
 .rela.text.__lwp_priority_init
                0x0000000080004194        0x0 /home/morten/devkitpro/devkitPPC/bin/../lib/gcc/powerpc-eabi/6.3.0/crtbegin.o
 .rela.text.__lwp_threadqueue_enqueuefifo
                0x0000000080004194        0x0 /home/morten/devkitpro/devkitPPC/bin/../lib/gcc/powerpc-eabi/6.3.0/crtbegin.o
 .rela.text.__lwp_threadqueue_dequeuefifo
                0x0000000080004194        0x0 /home/morten/devkitpro/devkitPPC/bin/../lib/gcc/powerpc-eabi/6.3.0/crtbegin.o
 .rela.text.__lwp_threadqueue_enqueuepriority
                0x0000000080004194        0x0 /home/morten/devkitpro/devkitPPC/bin/../lib/gcc/powerpc-eabi/6.3.0/crtbegin.o
 .rela.text.__lwp_threadqueue_dequeuepriority
                0x0000000080004194        0x0 /home/morten/devkitpro/devkitPPC/bin/../lib/gcc/powerpc-eabi/6.3.0/crtbegin.o
 .rela.text.__lwp_threadqueue_enqueue
                0x0000000080004194        0x0 /home/morten/devkitpro/devkitPPC/bin/../lib/gcc/powerpc-eabi/6.3.0/crtbegin.o
 .rela.text.__lwp_threadqueue_extractfifo
                0x0000000080004194        0x0 /home/morten/devkitpro/devkitPPC/bin/../lib/gcc/powerpc-eabi/6.3.0/crtbegin.o
 .rela.text.__lwp_threadqueue_extractpriority
                0x0000000080004194        0x0 /home/morten/devkitpro/devkitPPC/bin/../lib/gcc/powerpc-eabi/6.3.0/crtbegin.o
 .rela.text.__lwpmq_initialize
                0x0000000080004194        0x0 /home/morten/devkitpro/devkitPPC/bin/../lib/gcc/powerpc-eabi/6.3.0/crtbegin.o
 .rela.text.__lwpmq_close
                0x0000000080004194        0x0 /home/morten/devkitpro/devkitPPC/bin/../lib/gcc/powerpc-eabi/6.3.0/crtbegin.o
 .rela.text.__systemcall_init
                0x0000000080004194        0x0 /home/morten/devkitpro/devkitPPC/bin/../lib/gcc/powerpc-eabi/6.3.0/crtbegin.o
 .rela.text.__exception_init
                0x0000000080004194        0x0 /home/morten/devkitpro/devkitPPC/bin/../lib/gcc/powerpc-eabi/6.3.0/crtbegin.o
 .rela.text.__exception_close
                0x0000000080004194        0x0 /home/morten/devkitpro/devkitPPC/bin/../lib/gcc/powerpc-eabi/6.3.0/crtbegin.o
 .rela.text.__exception_sethandler
                0x0000000080004194        0x0 /home/morten/devkitpro/devkitPPC/bin/../lib/gcc/powerpc-eabi/6.3.0/crtbegin.o
 .rela.text     0x0000000080004194        0x0 /home/morten/devkitpro/devkitPPC/bin/../lib/gcc/powerpc-eabi/6.3.0/crtbegin.o
 .rela.text.__lwp_sema_init
                0x0000000080004194        0x0 /home/morten/devkitpro/devkitPPC/bin/../lib/gcc/powerpc-eabi/6.3.0/crtbegin.o
 .rela.text.LWP_SemInit
                0x0000000080004194        0x0 /home/morten/devkitpro/devkitPPC/bin/../lib/gcc/powerpc-eabi/6.3.0/crtbegin.o
 .rela.text.LWP_SemWait
                0x0000000080004194        0x0 /home/morten/devkitpro/devkitPPC/bin/../lib/gcc/powerpc-eabi/6.3.0/crtbegin.o
 .rela.text.LWP_SemPost
                0x0000000080004194        0x0 /home/morten/devkitpro/devkitPPC/bin/../lib/gcc/powerpc-eabi/6.3.0/crtbegin.o
 .rela.text.LWP_SemDestroy
                0x0000000080004194        0x0 /home/morten/devkitpro/devkitPPC/bin/../lib/gcc/powerpc-eabi/6.3.0/crtbegin.o
 .rela.text.__GX_InitRevBits
                0x0000000080004194        0x0 /home/morten/devkitpro/devkitPPC/bin/../lib/gcc/powerpc-eabi/6.3.0/crtbegin.o
 .rela.text.__GX_CleanGPFifo
                0x0000000080004194        0x0 /home/morten/devkitpro/devkitPPC/bin/../lib/gcc/powerpc-eabi/6.3.0/crtbegin.o
 .rela.text.__GXDefTexRegionCallback
                0x0000000080004194        0x0 /home/morten/devkitpro/devkitPPC/bin/../lib/gcc/powerpc-eabi/6.3.0/crtbegin.o
 .rela.text.__GXDefTlutRegionCallback
                0x0000000080004194        0x0 /home/morten/devkitpro/devkitPPC/bin/../lib/gcc/powerpc-eabi/6.3.0/crtbegin.o
 .rela.text.__SetSURegs
                0x0000000080004194        0x0 /home/morten/devkitpro/devkitPPC/bin/../lib/gcc/powerpc-eabi/6.3.0/crtbegin.o
 .rela.text.__GXCPInterruptHandler
                0x0000000080004194        0x0 /home/morten/devkitpro/devkitPPC/bin/../lib/gcc/powerpc-eabi/6.3.0/crtbegin.o
 .rela.text.__GX_Abort
                0x0000000080004194        0x0 /home/morten/devkitpro/devkitPPC/bin/../lib/gcc/powerpc-eabi/6.3.0/crtbegin.o
 .rela.text.GX_SetTexCoordGen2.part.7
                0x0000000080004194        0x0 /home/morten/devkitpro/devkitPPC/bin/../lib/gcc/powerpc-eabi/6.3.0/crtbegin.o
 .rela.text.__GX_SetDirtyState
                0x0000000080004194        0x0 /home/morten/devkitpro/devkitPPC/bin/../lib/gcc/powerpc-eabi/6.3.0/crtbegin.o
 .rela.text.GX_SetCPUFifo
                0x0000000080004194        0x0 /home/morten/devkitpro/devkitPPC/bin/../lib/gcc/powerpc-eabi/6.3.0/crtbegin.o
 .rela.text.GX_SetGPFifo
                0x0000000080004194        0x0 /home/morten/devkitpro/devkitPPC/bin/../lib/gcc/powerpc-eabi/6.3.0/crtbegin.o
 .rela.text.GX_RestoreWriteGatherPipe
                0x0000000080004194        0x0 /home/morten/devkitpro/devkitPPC/bin/../lib/gcc/powerpc-eabi/6.3.0/crtbegin.o
 .rela.text.GX_Flush
                0x0000000080004194        0x0 /home/morten/devkitpro/devkitPPC/bin/../lib/gcc/powerpc-eabi/6.3.0/crtbegin.o
 .rela.text.GX_RedirectWriteGatherPipe
                0x0000000080004194        0x0 /home/morten/devkitpro/devkitPPC/bin/../lib/gcc/powerpc-eabi/6.3.0/crtbegin.o
 .rela.text.__gx_onreset
                0x0000000080004194        0x0 /home/morten/devkitpro/devkitPPC/bin/../lib/gcc/powerpc-eabi/6.3.0/crtbegin.o
 .rela.text.GX_EnableBreakPt
                0x0000000080004194        0x0 /home/morten/devkitpro/devkitPPC/bin/../lib/gcc/powerpc-eabi/6.3.0/crtbegin.o
 .rela.text.GX_DisableBreakPt
                0x0000000080004194        0x0 /home/morten/devkitpro/devkitPPC/bin/../lib/gcc/powerpc-eabi/6.3.0/crtbegin.o
 .rela.text.GX_AbortFrame
                0x0000000080004194        0x0 /home/morten/devkitpro/devkitPPC/bin/../lib/gcc/powerpc-eabi/6.3.0/crtbegin.o
 .rela.text.GX_PixModeSync
                0x0000000080004194        0x0 /home/morten/devkitpro/devkitPPC/bin/../lib/gcc/powerpc-eabi/6.3.0/crtbegin.o
 .rela.text.GX_SetMisc
                0x0000000080004194        0x0 /home/morten/devkitpro/devkitPPC/bin/../lib/gcc/powerpc-eabi/6.3.0/crtbegin.o
 .rela.text.GX_SetCopyClamp
                0x0000000080004194        0x0 /home/morten/devkitpro/devkitPPC/bin/../lib/gcc/powerpc-eabi/6.3.0/crtbegin.o
 .rela.text.GX_SetDispCopyGamma
                0x0000000080004194        0x0 /home/morten/devkitpro/devkitPPC/bin/../lib/gcc/powerpc-eabi/6.3.0/crtbegin.o
 .rela.text.GX_SetDispCopyFrame2Field
                0x0000000080004194        0x0 /home/morten/devkitpro/devkitPPC/bin/../lib/gcc/powerpc-eabi/6.3.0/crtbegin.o
 .rela.text.GX_SetDispCopyYScale
                0x0000000080004194        0x0 /home/morten/devkitpro/devkitPPC/bin/../lib/gcc/powerpc-eabi/6.3.0/crtbegin.o
 .rela.text.GX_SetDispCopyDst
                0x0000000080004194        0x0 /home/morten/devkitpro/devkitPPC/bin/../lib/gcc/powerpc-eabi/6.3.0/crtbegin.o
 .rela.text.GX_SetDispCopySrc
                0x0000000080004194        0x0 /home/morten/devkitpro/devkitPPC/bin/../lib/gcc/powerpc-eabi/6.3.0/crtbegin.o
 .rela.text.GX_CopyDisp
                0x0000000080004194        0x0 /home/morten/devkitpro/devkitPPC/bin/../lib/gcc/powerpc-eabi/6.3.0/crtbegin.o
 .rela.text.GX_CopyTex
                0x0000000080004194        0x0 /home/morten/devkitpro/devkitPPC/bin/../lib/gcc/powerpc-eabi/6.3.0/crtbegin.o
 .rela.text.GX_SetTexCopySrc
                0x0000000080004194        0x0 /home/morten/devkitpro/devkitPPC/bin/../lib/gcc/powerpc-eabi/6.3.0/crtbegin.o
 .rela.text.GX_SetTexCopyDst
                0x0000000080004194        0x0 /home/morten/devkitpro/devkitPPC/bin/../lib/gcc/powerpc-eabi/6.3.0/crtbegin.o
 .rela.text.GX_BeginDispList
                0x0000000080004194        0x0 /home/morten/devkitpro/devkitPPC/bin/../lib/gcc/powerpc-eabi/6.3.0/crtbegin.o
 .rela.text.GX_EndDispList
                0x0000000080004194        0x0 /home/morten/devkitpro/devkitPPC/bin/../lib/gcc/powerpc-eabi/6.3.0/crtbegin.o
 .rela.text.GX_CallDispList
                0x0000000080004194        0x0 /home/morten/devkitpro/devkitPPC/bin/../lib/gcc/powerpc-eabi/6.3.0/crtbegin.o
 .rela.text.GX_SetChanCtrl
                0x0000000080004194        0x0 /home/morten/devkitpro/devkitPPC/bin/../lib/gcc/powerpc-eabi/6.3.0/crtbegin.o
 .rela.text.GX_SetChanAmbColor
                0x0000000080004194        0x0 /home/morten/devkitpro/devkitPPC/bin/../lib/gcc/powerpc-eabi/6.3.0/crtbegin.o
 .rela.text.GX_SetChanMatColor
                0x0000000080004194        0x0 /home/morten/devkitpro/devkitPPC/bin/../lib/gcc/powerpc-eabi/6.3.0/crtbegin.o
 .rela.text.GX_SetVtxDesc
                0x0000000080004194        0x0 /home/morten/devkitpro/devkitPPC/bin/../lib/gcc/powerpc-eabi/6.3.0/crtbegin.o
 .rela.text.GX_SetVtxDescv
                0x0000000080004194        0x0 /home/morten/devkitpro/devkitPPC/bin/../lib/gcc/powerpc-eabi/6.3.0/crtbegin.o
 .rela.text.GX_GetVtxDescv
                0x0000000080004194        0x0 /home/morten/devkitpro/devkitPPC/bin/../lib/gcc/powerpc-eabi/6.3.0/crtbegin.o
 .rela.text.GX_SetVtxAttrFmt
                0x0000000080004194        0x0 /home/morten/devkitpro/devkitPPC/bin/../lib/gcc/powerpc-eabi/6.3.0/crtbegin.o
 .rela.text.GX_SetVtxAttrFmtv
                0x0000000080004194        0x0 /home/morten/devkitpro/devkitPPC/bin/../lib/gcc/powerpc-eabi/6.3.0/crtbegin.o
 .rela.text.GX_Begin
                0x0000000080004194        0x0 /home/morten/devkitpro/devkitPPC/bin/../lib/gcc/powerpc-eabi/6.3.0/crtbegin.o
 .rela.text.GX_SetCurrentMtx
                0x0000000080004194        0x0 /home/morten/devkitpro/devkitPPC/bin/../lib/gcc/powerpc-eabi/6.3.0/crtbegin.o
 .rela.text.GX_SetNumTexGens
                0x0000000080004194        0x0 /home/morten/devkitpro/devkitPPC/bin/../lib/gcc/powerpc-eabi/6.3.0/crtbegin.o
 .rela.text.GX_SetZMode
                0x0000000080004194        0x0 /home/morten/devkitpro/devkitPPC/bin/../lib/gcc/powerpc-eabi/6.3.0/crtbegin.o
 .rela.text.GX_LoadTexObjPreloaded
                0x0000000080004194        0x0 /home/morten/devkitpro/devkitPPC/bin/../lib/gcc/powerpc-eabi/6.3.0/crtbegin.o
 .rela.text.GX_PreloadEntireTexture
                0x0000000080004194        0x0 /home/morten/devkitpro/devkitPPC/bin/../lib/gcc/powerpc-eabi/6.3.0/crtbegin.o
 .rela.text.GX_InvalidateTexAll
                0x0000000080004194        0x0 /home/morten/devkitpro/devkitPPC/bin/../lib/gcc/powerpc-eabi/6.3.0/crtbegin.o
 .rela.text.GX_InvalidateTexRegion
                0x0000000080004194        0x0 /home/morten/devkitpro/devkitPPC/bin/../lib/gcc/powerpc-eabi/6.3.0/crtbegin.o
 .rela.text.GX_LoadTlut
                0x0000000080004194        0x0 /home/morten/devkitpro/devkitPPC/bin/../lib/gcc/powerpc-eabi/6.3.0/crtbegin.o
 .rela.text.GX_SetTexCoordScaleManually
                0x0000000080004194        0x0 /home/morten/devkitpro/devkitPPC/bin/../lib/gcc/powerpc-eabi/6.3.0/crtbegin.o
 .rela.text.GX_SetTexCoordCylWrap
                0x0000000080004194        0x0 /home/morten/devkitpro/devkitPPC/bin/../lib/gcc/powerpc-eabi/6.3.0/crtbegin.o
 .rela.text.GX_SetTexCoordBias
                0x0000000080004194        0x0 /home/morten/devkitpro/devkitPPC/bin/../lib/gcc/powerpc-eabi/6.3.0/crtbegin.o
 .rela.text.GX_SetBlendMode
                0x0000000080004194        0x0 /home/morten/devkitpro/devkitPPC/bin/../lib/gcc/powerpc-eabi/6.3.0/crtbegin.o
 .rela.text.GX_ClearVtxDesc
                0x0000000080004194        0x0 /home/morten/devkitpro/devkitPPC/bin/../lib/gcc/powerpc-eabi/6.3.0/crtbegin.o
 .rela.text.GX_SetLineWidth
                0x0000000080004194        0x0 /home/morten/devkitpro/devkitPPC/bin/../lib/gcc/powerpc-eabi/6.3.0/crtbegin.o
 .rela.text.GX_SetPointSize
                0x0000000080004194        0x0 /home/morten/devkitpro/devkitPPC/bin/../lib/gcc/powerpc-eabi/6.3.0/crtbegin.o
 .rela.text.GX_SetTevColorIn
                0x0000000080004194        0x0 /home/morten/devkitpro/devkitPPC/bin/../lib/gcc/powerpc-eabi/6.3.0/crtbegin.o
 .rela.text.GX_SetTevAlphaIn
                0x0000000080004194        0x0 /home/morten/devkitpro/devkitPPC/bin/../lib/gcc/powerpc-eabi/6.3.0/crtbegin.o
 .rela.text.GX_SetTevColorOp
                0x0000000080004194        0x0 /home/morten/devkitpro/devkitPPC/bin/../lib/gcc/powerpc-eabi/6.3.0/crtbegin.o
 .rela.text.GX_SetTevAlphaOp
                0x0000000080004194        0x0 /home/morten/devkitpro/devkitPPC/bin/../lib/gcc/powerpc-eabi/6.3.0/crtbegin.o
 .rela.text.GX_SetTevOp
                0x0000000080004194        0x0 /home/morten/devkitpro/devkitPPC/bin/../lib/gcc/powerpc-eabi/6.3.0/crtbegin.o
 .rela.text.GX_SetCullMode
                0x0000000080004194        0x0 /home/morten/devkitpro/devkitPPC/bin/../lib/gcc/powerpc-eabi/6.3.0/crtbegin.o
 .rela.text.GX_SetCoPlanar
                0x0000000080004194        0x0 /home/morten/devkitpro/devkitPPC/bin/../lib/gcc/powerpc-eabi/6.3.0/crtbegin.o
 .rela.text.GX_EnableTexOffsets
                0x0000000080004194        0x0 /home/morten/devkitpro/devkitPPC/bin/../lib/gcc/powerpc-eabi/6.3.0/crtbegin.o
 .rela.text.GX_SetScissor
                0x0000000080004194        0x0 /home/morten/devkitpro/devkitPPC/bin/../lib/gcc/powerpc-eabi/6.3.0/crtbegin.o
 .rela.text.GX_SetNumChans
                0x0000000080004194        0x0 /home/morten/devkitpro/devkitPPC/bin/../lib/gcc/powerpc-eabi/6.3.0/crtbegin.o
 .rela.text.GX_SetTevOrder
                0x0000000080004194        0x0 /home/morten/devkitpro/devkitPPC/bin/../lib/gcc/powerpc-eabi/6.3.0/crtbegin.o
 .rela.text.GX_SetNumTevStages
                0x0000000080004194        0x0 /home/morten/devkitpro/devkitPPC/bin/../lib/gcc/powerpc-eabi/6.3.0/crtbegin.o
 .rela.text.GX_SetTevKColorSel
                0x0000000080004194        0x0 /home/morten/devkitpro/devkitPPC/bin/../lib/gcc/powerpc-eabi/6.3.0/crtbegin.o
 .rela.text.GX_SetTevKAlphaSel
                0x0000000080004194        0x0 /home/morten/devkitpro/devkitPPC/bin/../lib/gcc/powerpc-eabi/6.3.0/crtbegin.o
 .rela.text.GX_SetTevSwapMode
                0x0000000080004194        0x0 /home/morten/devkitpro/devkitPPC/bin/../lib/gcc/powerpc-eabi/6.3.0/crtbegin.o
 .rela.text.GX_SetTevSwapModeTable
                0x0000000080004194        0x0 /home/morten/devkitpro/devkitPPC/bin/../lib/gcc/powerpc-eabi/6.3.0/crtbegin.o
 .rela.text.GX_SetNumIndStages
                0x0000000080004194        0x0 /home/morten/devkitpro/devkitPPC/bin/../lib/gcc/powerpc-eabi/6.3.0/crtbegin.o
 .rela.text.GX_SetIndTexCoordScale
                0x0000000080004194        0x0 /home/morten/devkitpro/devkitPPC/bin/../lib/gcc/powerpc-eabi/6.3.0/crtbegin.o
 .rela.text.GX_SetColorUpdate
                0x0000000080004194        0x0 /home/morten/devkitpro/devkitPPC/bin/../lib/gcc/powerpc-eabi/6.3.0/crtbegin.o
 .rela.text.GX_SetAlphaUpdate
                0x0000000080004194        0x0 /home/morten/devkitpro/devkitPPC/bin/../lib/gcc/powerpc-eabi/6.3.0/crtbegin.o
 .rela.text.GX_SetZCompLoc
                0x0000000080004194        0x0 /home/morten/devkitpro/devkitPPC/bin/../lib/gcc/powerpc-eabi/6.3.0/crtbegin.o
 .rela.text.GX_SetPixelFmt
                0x0000000080004194        0x0 /home/morten/devkitpro/devkitPPC/bin/../lib/gcc/powerpc-eabi/6.3.0/crtbegin.o
 .rela.text.GX_SetDither
                0x0000000080004194        0x0 /home/morten/devkitpro/devkitPPC/bin/../lib/gcc/powerpc-eabi/6.3.0/crtbegin.o
 .rela.text.GX_SetDstAlpha
                0x0000000080004194        0x0 /home/morten/devkitpro/devkitPPC/bin/../lib/gcc/powerpc-eabi/6.3.0/crtbegin.o
 .rela.text.GX_SetFieldMode
                0x0000000080004194        0x0 /home/morten/devkitpro/devkitPPC/bin/../lib/gcc/powerpc-eabi/6.3.0/crtbegin.o
 .rela.text.GX_SetIndTexOrder
                0x0000000080004194        0x0 /home/morten/devkitpro/devkitPPC/bin/../lib/gcc/powerpc-eabi/6.3.0/crtbegin.o
 .rela.text.GX_SetGPMetric
                0x0000000080004194        0x0 /home/morten/devkitpro/devkitPPC/bin/../lib/gcc/powerpc-eabi/6.3.0/crtbegin.o
 .rela.text.GX_Init
                0x0000000080004194        0x0 /home/morten/devkitpro/devkitPPC/bin/../lib/gcc/powerpc-eabi/6.3.0/crtbegin.o
 .rela.text.GX_ReadGPMetric
                0x0000000080004194        0x0 /home/morten/devkitpro/devkitPPC/bin/../lib/gcc/powerpc-eabi/6.3.0/crtbegin.o
 .rela.text.kprintf
                0x0000000080004194        0x0 /home/morten/devkitpro/devkitPPC/bin/../lib/gcc/powerpc-eabi/6.3.0/crtbegin.o
 .rela.text.__card_sd_status
                0x0000000080004194        0x0 /home/morten/devkitpro/devkitPPC/bin/../lib/gcc/powerpc-eabi/6.3.0/crtbegin.o
 .rela.text.__card_readcid
                0x0000000080004194        0x0 /home/morten/devkitpro/devkitPPC/bin/../lib/gcc/powerpc-eabi/6.3.0/crtbegin.o
 .rela.text.__card_readcsd
                0x0000000080004194        0x0 /home/morten/devkitpro/devkitPPC/bin/../lib/gcc/powerpc-eabi/6.3.0/crtbegin.o
 .rela.text.sdgecko_initIO
                0x0000000080004194        0x0 /home/morten/devkitpro/devkitPPC/bin/../lib/gcc/powerpc-eabi/6.3.0/crtbegin.o
 .rela.text.atangent
                0x0000000080004194        0x0 /home/morten/devkitpro/devkitPPC/bin/../lib/gcc/powerpc-eabi/6.3.0/crtbegin.o
 .rela.text.atangentf
                0x0000000080004194        0x0 /home/morten/devkitpro/devkitPPC/bin/../lib/gcc/powerpc-eabi/6.3.0/crtbegin.o
 .rela.text.sinef
                0x0000000080004194        0x0 /home/morten/devkitpro/devkitPPC/bin/../lib/gcc/powerpc-eabi/6.3.0/crtbegin.o
 .rela.text.sqrtf
                0x0000000080004194        0x0 /home/morten/devkitpro/devkitPPC/bin/../lib/gcc/powerpc-eabi/6.3.0/crtbegin.o
 .rela.text._exit
                0x0000000080004194        0x0 /home/morten/devkitpro/devkitPPC/bin/../lib/gcc/powerpc-eabi/6.3.0/crtbegin.o
 .rela.text.chdir
                0x0000000080004194        0x0 /home/morten/devkitpro/devkitPPC/bin/../lib/gcc/powerpc-eabi/6.3.0/crtbegin.o
 .rela.text.getcwd
                0x0000000080004194        0x0 /home/morten/devkitpro/devkitPPC/bin/../lib/gcc/powerpc-eabi/6.3.0/crtbegin.o
 .rela.text.calloc
                0x0000000080004194        0x0 /home/morten/devkitpro/devkitPPC/bin/../lib/gcc/powerpc-eabi/6.3.0/crtbegin.o
 .rela.text.__errno
                0x0000000080004194        0x0 /home/morten/devkitpro/devkitPPC/bin/../lib/gcc/powerpc-eabi/6.3.0/crtbegin.o
 .rela.text.exit
                0x0000000080004194        0x0 /home/morten/devkitpro/devkitPPC/bin/../lib/gcc/powerpc-eabi/6.3.0/crtbegin.o
 .rela.text._fopen_r
                0x0000000080004194        0x0 /home/morten/devkitpro/devkitPPC/bin/../lib/gcc/powerpc-eabi/6.3.0/crtbegin.o
 .rela.text.fopen
                0x0000000080004194        0x0 /home/morten/devkitpro/devkitPPC/bin/../lib/gcc/powerpc-eabi/6.3.0/crtbegin.o
 .rela.text.fprintf
                0x0000000080004194        0x0 /home/morten/devkitpro/devkitPPC/bin/../lib/gcc/powerpc-eabi/6.3.0/crtbegin.o
 .rela.text.fread
                0x0000000080004194        0x0 /home/morten/devkitpro/devkitPPC/bin/../lib/gcc/powerpc-eabi/6.3.0/crtbegin.o
 .rela.text._malloc_trim_r
                0x0000000080004194        0x0 /home/morten/devkitpro/devkitPPC/bin/../lib/gcc/powerpc-eabi/6.3.0/crtbegin.o
 .rela.text._free_r
                0x0000000080004194        0x0 /home/morten/devkitpro/devkitPPC/bin/../lib/gcc/powerpc-eabi/6.3.0/crtbegin.o
 .rela.text.fseek
                0x0000000080004194        0x0 /home/morten/devkitpro/devkitPPC/bin/../lib/gcc/powerpc-eabi/6.3.0/crtbegin.o
 .rela.text._fseeko_r
                0x0000000080004194        0x0 /home/morten/devkitpro/devkitPPC/bin/../lib/gcc/powerpc-eabi/6.3.0/crtbegin.o
 .rela.text.fseeko
                0x0000000080004194        0x0 /home/morten/devkitpro/devkitPPC/bin/../lib/gcc/powerpc-eabi/6.3.0/crtbegin.o
 .rela.text.ftell
                0x0000000080004194        0x0 /home/morten/devkitpro/devkitPPC/bin/../lib/gcc/powerpc-eabi/6.3.0/crtbegin.o
 .rela.text.ftello
                0x0000000080004194        0x0 /home/morten/devkitpro/devkitPPC/bin/../lib/gcc/powerpc-eabi/6.3.0/crtbegin.o
 .rela.text.fwrite
                0x0000000080004194        0x0 /home/morten/devkitpro/devkitPPC/bin/../lib/gcc/powerpc-eabi/6.3.0/crtbegin.o
 .rela.text.localtime_r
                0x0000000080004194        0x0 /home/morten/devkitpro/devkitPPC/bin/../lib/gcc/powerpc-eabi/6.3.0/crtbegin.o
 .rela.text.__loadlocale
                0x0000000080004194        0x0 /home/morten/devkitpro/devkitPPC/bin/../lib/gcc/powerpc-eabi/6.3.0/crtbegin.o
 .rela.text.__smakebuf_r
                0x0000000080004194        0x0 /home/morten/devkitpro/devkitPPC/bin/../lib/gcc/powerpc-eabi/6.3.0/crtbegin.o
 .rela.text.mktime
                0x0000000080004194        0x0 /home/morten/devkitpro/devkitPPC/bin/../lib/gcc/powerpc-eabi/6.3.0/crtbegin.o
 .rela.text._tzset_unlocked_r
                0x0000000080004194        0x0 /home/morten/devkitpro/devkitPPC/bin/../lib/gcc/powerpc-eabi/6.3.0/crtbegin.o
 .rela.text._dtoa_r
                0x0000000080004194        0x0 /home/morten/devkitpro/devkitPPC/bin/../lib/gcc/powerpc-eabi/6.3.0/crtbegin.o
 .rela.text._cleanup_r
                0x0000000080004194        0x0 /home/morten/devkitpro/devkitPPC/bin/../lib/gcc/powerpc-eabi/6.3.0/crtbegin.o
 .rela.text._cleanup
                0x0000000080004194        0x0 /home/morten/devkitpro/devkitPPC/bin/../lib/gcc/powerpc-eabi/6.3.0/crtbegin.o
 .rela.text._findenv_r
                0x0000000080004194        0x0 /home/morten/devkitpro/devkitPPC/bin/../lib/gcc/powerpc-eabi/6.3.0/crtbegin.o

.rel.fini
 *(.rel.fini)

.rela.fini
 *(.rela.fini)

.rel.rodata
 *(.rel.rodata .rel.rodata.* .rel.gnu.linkonce.r.*)

.rela.rodata    0x0000000080004194        0x0
 *(.rela.rodata .rela.rodata.* .rela.gnu.linkonce.r.*)
 .rela.rodata.dotab_fat
                0x0000000080004194        0x0 /home/morten/devkitpro/devkitPPC/bin/../lib/gcc/powerpc-eabi/6.3.0/crtbegin.o
 .rela.rodata.__C_locale
                0x0000000080004194        0x0 /home/morten/devkitpro/devkitPPC/bin/../lib/gcc/powerpc-eabi/6.3.0/crtbegin.o

.rel.data
 *(.rel.data .rel.data.* .rel.gnu.linkonce.d.*)

.rela.data      0x0000000080004194        0x0
 *(.rela.data .rela.data.* .rela.gnu.linkonce.d.*)
 .rela.data.__global_locale
                0x0000000080004194        0x0 /home/morten/devkitpro/devkitPPC/bin/../lib/gcc/powerpc-eabi/6.3.0/crtbegin.o

.rel.tdata
 *(.rel.tdata .rel.tdata.* .rel.gnu.linkonce.td.*)

.rela.tdata
 *(.rela.tdata .rela.tdata.* .rela.gnu.linkonce.td.*)

.rel.tbss
 *(.rel.tbss .rel.tbss.* .rel.gnu.linkonce.tb.*)

.rela.tbss
 *(.rela.tbss .rela.tbss.* .rela.gnu.linkonce.tb.*)

.rel.ctors
 *(.rel.ctors)

.rela.ctors
 *(.rela.ctors)

.rel.dtors
 *(.rel.dtors)

.rela.dtors
 *(.rela.dtors)

.rel.got
 *(.rel.got)

.rela.got
 *(.rela.got)

.rela.got1
 *(.rela.got1)

.rela.got2      0x0000000080004194        0x0
 *(.rela.got2)
 .rela.got2     0x0000000080004194        0x0 /home/morten/devkitpro/devkitPPC/bin/../lib/gcc/powerpc-eabi/6.3.0/crtbegin.o

.rel.sdata
 *(.rel.sdata .rel.sdata.* .rel.gnu.linkonce.s.*)

.rela.sdata
 *(.rela.sdata .rela.sdata.* .rela.gnu.linkonce.s.*)

.rel.sbss
 *(.rel.sbss .rel.sbss.* .rel.gnu.linkonce.sb.*)

.rela.sbss
 *(.rela.sbss .rela.sbss.* .rel.gnu.linkonce.sb.*)

.rel.sdata2
 *(.rel.sdata2 .rel.sdata2.* .rel.gnu.linkonce.s2.*)

.rela.sdata2    0x0000000080004194        0x0
 *(.rela.sdata2 .rela.sdata2.* .rela.gnu.linkonce.s2.*)
 .rela.sdata2.__sys_inIPL
                0x0000000080004194        0x0 /home/morten/devkitpro/devkitPPC/bin/../lib/gcc/powerpc-eabi/6.3.0/crtbegin.o

.rel.sbss2
 *(.rel.sbss2 .rel.sbss2.* .rel.gnu.linkonce.sb2.*)

.rela.sbss2
 *(.rela.sbss2 .rela.sbss2.* .rela.gnu.linkonce.sb2.*)

.rel.bss
 *(.rel.bss .rel.bss.* .rel.gnu.linkonce.b.*)

.rela.bss
 *(.rela.bss .rela.bss.* .rela.gnu.linkonce.b.*)

.rel.plt
 *(.rel.plt)

.rela.plt
 *(.rela.plt)

.text           0x00000000800041a0    0x43320
 *(.text)
 .text          0x00000000800041a0      0x44c /home/morten/devkitpro/libogc/lib/wii/libogc.a(lwp_handler.o)
                0x00000000800041a0                _cpu_context_save_fp
                0x00000000800042e0                _cpu_context_restore_fp
                0x0000000080004420                _cpu_context_switch
                0x0000000080004500                _cpu_context_save
                0x0000000080004580                _cpu_context_restore
 .text          0x00000000800045ec      0x4a0 /home/morten/devkitpro/libogc/lib/wii/libogc.a(system_asm.o)
                0x00000000800045ec                __realmode
                0x0000000080004604                __configBATS
                0x0000000080004734                __InitFPRS
                0x0000000080004860                __InitPS
                0x00000000800048bc                __InitCache
                0x0000000080004914                __InitSystem
                0x000000008000499c                __flush_cache
                0x00000000800049d0                __reset
                0x0000000080004a40                __InitBATS
                0x0000000080004a5c                SYS_SwitchFiber
 .text          0x0000000080004a8c      0x1ac /home/morten/devkitpro/libogc/lib/wii/libogc.a(irq_handler.o)
                0x0000000080004a8c                irq_exceptionhandler
 .text          0x0000000080004c38      0x4f4 /home/morten/devkitpro/libogc/lib/wii/libogc.a(cache_asm.o)
                0x0000000080004c38                DCFlashInvalidate
                0x0000000080004c4c                DCEnable
                0x0000000080004c60                DCDisable
                0x0000000080004c74                DCFreeze
                0x0000000080004c88                DCUnfreeze
                0x0000000080004c9c                DCTouchLoad
                0x0000000080004ca4                DCBlockZero
                0x0000000080004cac                DCBlockStore
                0x0000000080004cb4                DCBlockFlush
                0x0000000080004cbc                DCBlockInvalidate
                0x0000000080004cc4                DCInvalidateRange
                0x0000000080004cf4                DCFlushRange
                0x0000000080004d28                DCStoreRange
                0x0000000080004d5c                DCFlushRangeNoSync
                0x0000000080004d8c                DCStoreRangeNoSync
                0x0000000080004dbc                DCZeroRange
                0x0000000080004dec                DCTouchRange
                0x0000000080004e1c                ICInvalidateRange
                0x0000000080004e54                ICFlashInvalidate
                0x0000000080004e68                ICEnable
                0x0000000080004e7c                ICDisable
                0x0000000080004e90                ICFreeze
                0x0000000080004ea4                ICUnfreeze
                0x0000000080004eb8                ICBlockInvalidate
                0x0000000080004ec0                ICSync
                0x0000000080004ec8                L2Init
                0x0000000080004f10                L2Enable
                0x0000000080004f2c                L2Disable
                0x0000000080004f44                L2GlobalInvalidate
                0x0000000080004f9c                __LCEnable
                0x0000000080005068                LCDisable
                0x0000000080005090                LCAllocOneTag
                0x00000000800050a4                LCAllocTags
                0x00000000800050e4                LCLoadBlocks
                0x0000000080005108                LCStoreBlocks
 .text          0x000000008000512c      0x1ac /home/morten/devkitpro/libogc/lib/wii/libogc.a(decrementer_handler.o)
                0x000000008000512c                dec_exceptionhandler
 .text          0x00000000800052d8      0x35c /home/morten/devkitpro/libogc/lib/wii/libogc.a(exception_handler.o)
                0x00000000800052d8                exceptionhandler_start
                0x0000000080005354                exceptionhandler_patch
                0x0000000080005388                exceptionhandler_end
                0x000000008000538c                default_exceptionhandler
                0x00000000800054bc                fpu_exceptionhandler
                0x0000000080005604                systemcallhandler_start
                0x0000000080005630                systemcallhandler_end
 .text          0x0000000080005634       0x48 /home/morten/devkitpro/devkitPPC/bin/../lib/gcc/powerpc-eabi/6.3.0/libgcc.a(eabi.o)
                0x0000000080005634                __eabi
 .text          0x000000008000567c       0x58 /home/morten/devkitpro/devkitPPC/bin/../lib/gcc/powerpc-eabi/6.3.0/libgcc.a(crtresxgpr.o)
                0x000000008000567c                _restgpr_14_x
                0x0000000080005680                _restgpr_15_x
                0x0000000080005684                _restgpr_16_x
                0x0000000080005688                _restgpr_17_x
                0x000000008000568c                _restgpr_18_x
                0x0000000080005690                _restgpr_19_x
                0x0000000080005694                _restgpr_20_x
                0x0000000080005698                _restgpr_21_x
                0x000000008000569c                _restgpr_22_x
                0x00000000800056a0                _restgpr_23_x
                0x00000000800056a4                _restgpr_24_x
                0x00000000800056a8                _restgpr_25_x
                0x00000000800056ac                _restgpr_26_x
                0x00000000800056b0                _restgpr_27_x
                0x00000000800056b4                _restgpr_28_x
                0x00000000800056b8                _restgpr_29_x
                0x00000000800056bc                _restgpr_30_x
                0x00000000800056c0                _restgpr_31_x
 *(.text.*)
 .text.deregister_tm_clones
                0x00000000800056d4       0x38 /home/morten/devkitpro/devkitPPC/bin/../lib/gcc/powerpc-eabi/6.3.0/crtbegin.o
 .text.register_tm_clones
                0x000000008000570c       0x3c /home/morten/devkitpro/devkitPPC/bin/../lib/gcc/powerpc-eabi/6.3.0/crtbegin.o
 .text.__do_global_dtors_aux
                0x0000000080005748       0xd4 /home/morten/devkitpro/devkitPPC/bin/../lib/gcc/powerpc-eabi/6.3.0/crtbegin.o
 .text.frame_dummy
                0x000000008000581c       0x74 /home/morten/devkitpro/devkitPPC/bin/../lib/gcc/powerpc-eabi/6.3.0/crtbegin.o
 .text.__crtmain
                0x0000000080005890       0x44 /home/morten/devkitpro/devkitPPC/bin/../lib/gcc/powerpc-eabi/6.3.0/../../../../powerpc-eabi/lib/crtmain.o
                0x0000000080005894                __crtmain
 .text.checkELFHeader
                0x00000000800058d4      0x16c elf.o
                0x00000000800058d4                checkELFHeader
 .text.loadElf  0x0000000080005a40      0x23c elf.o
                0x0000000080005a40                loadElf
 .text.startup.main
                0x0000000080005c7c      0x1d4 main.o
                0x0000000080005c7c                main
 .text.__wpad_assign_slot
                0x0000000080005e50      0x20c /home/morten/devkitpro/libogc/lib/wii/libwiiuse.a(wpad.o)
                0x0000000080005e50                __wpad_assign_slot
 .text.__wpad_def_powcb
                0x000000008000605c        0x4 /home/morten/devkitpro/libogc/lib/wii/libwiiuse.a(wpad.o)
 .text.__wpad_disconnect
                0x0000000080006060       0x4c /home/morten/devkitpro/libogc/lib/wii/libwiiuse.a(wpad.o)
 .text.__readlinkkey_finished
                0x00000000800060ac       0x34 /home/morten/devkitpro/libogc/lib/wii/libwiiuse.a(wpad.o)
 .text.__wpad_patch_finished
                0x00000000800060e0       0x2c /home/morten/devkitpro/libogc/lib/wii/libwiiuse.a(wpad.o)
 .text.__wpad_setfmt
                0x000000008000610c      0x124 /home/morten/devkitpro/libogc/lib/wii/libwiiuse.a(wpad.o)
 .text.__wpad_eventCB
                0x0000000080006230      0xa48 /home/morten/devkitpro/libogc/lib/wii/libwiiuse.a(wpad.o)
 .text.__wpad_disconnectCB
                0x0000000080006c78       0xd4 /home/morten/devkitpro/libogc/lib/wii/libwiiuse.a(wpad.o)
                0x0000000080006c78                __wpad_disconnectCB
 .text.__wpad_timeouthandler
                0x0000000080006d4c       0xb0 /home/morten/devkitpro/libogc/lib/wii/libwiiuse.a(wpad.o)
 .text.__initcore_finished
                0x0000000080006dfc       0x48 /home/morten/devkitpro/libogc/lib/wii/libwiiuse.a(wpad.o)
 .text.__wpad_init_finished
                0x0000000080006e44      0x1d0 /home/morten/devkitpro/libogc/lib/wii/libwiiuse.a(wpad.o)
 .text.WPAD_Shutdown
                0x0000000080007014       0xcc /home/morten/devkitpro/libogc/lib/wii/libwiiuse.a(wpad.o)
                0x0000000080007014                WPAD_Shutdown
 .text.WPAD_Init
                0x00000000800070e0      0x294 /home/morten/devkitpro/libogc/lib/wii/libwiiuse.a(wpad.o)
                0x00000000800070e0                WPAD_Init
 .text.__wpad_onreset
                0x0000000080007374       0x34 /home/morten/devkitpro/libogc/lib/wii/libwiiuse.a(wpad.o)
 .text.motion_plus_disconnected
                0x00000000800073a8       0x10 /home/morten/devkitpro/libogc/lib/wii/libwiiuse.a(motion_plus.o)
                0x00000000800073a8                motion_plus_disconnected
 .text.motion_plus_event
                0x00000000800073b8       0x64 /home/morten/devkitpro/libogc/lib/wii/libwiiuse.a(motion_plus.o)
                0x00000000800073b8                motion_plus_event
 .text.wiiuse_handshake
                0x000000008000741c      0x1fc /home/morten/devkitpro/libogc/lib/wii/libwiiuse.a(io.o)
                0x000000008000741c                wiiuse_handshake
 .text.wiiuse_handshake_expansion
                0x0000000080007618      0x228 /home/morten/devkitpro/libogc/lib/wii/libwiiuse.a(io.o)
                0x0000000080007618                wiiuse_handshake_expansion
 .text.wiiuse_handshake_expansion_start
                0x0000000080007840       0x24 /home/morten/devkitpro/libogc/lib/wii/libwiiuse.a(io.o)
                0x0000000080007840                wiiuse_handshake_expansion_start
 .text.wiiuse_disable_expansion
                0x0000000080007864      0x1b0 /home/morten/devkitpro/libogc/lib/wii/libwiiuse.a(io.o)
                0x0000000080007864                wiiuse_disable_expansion
 .text.__wiiuse_connected
                0x0000000080007a14       0x9c /home/morten/devkitpro/libogc/lib/wii/libwiiuse.a(io_wii.o)
 .text.__wiiuse_disconnected
                0x0000000080007ab0       0xb4 /home/morten/devkitpro/libogc/lib/wii/libwiiuse.a(io_wii.o)
 .text.__wiiuse_receive
                0x0000000080007b64       0xbc /home/morten/devkitpro/libogc/lib/wii/libwiiuse.a(io_wii.o)
 .text.__wiiuse_sensorbar_enable
                0x0000000080007c20       0x54 /home/morten/devkitpro/libogc/lib/wii/libwiiuse.a(io_wii.o)
                0x0000000080007c20                __wiiuse_sensorbar_enable
 .text.wiiuse_register
                0x0000000080007c74       0xe4 /home/morten/devkitpro/libogc/lib/wii/libwiiuse.a(io_wii.o)
                0x0000000080007c74                wiiuse_register
 .text.wiiuse_disconnect
                0x0000000080007d58       0x24 /home/morten/devkitpro/libogc/lib/wii/libwiiuse.a(io_wii.o)
                0x0000000080007d58                wiiuse_disconnect
 .text.wiiuse_init_cmd_queue
                0x0000000080007d7c       0xa4 /home/morten/devkitpro/libogc/lib/wii/libwiiuse.a(io_wii.o)
                0x0000000080007d7c                wiiuse_init_cmd_queue
 .text.wiiuse_io_write
                0x0000000080007e20       0x1c /home/morten/devkitpro/libogc/lib/wii/libwiiuse.a(io_wii.o)
                0x0000000080007e20                wiiuse_io_write
 .text.get_ir_sens.isra.0
                0x0000000080007e3c       0xe4 /home/morten/devkitpro/libogc/lib/wii/libwiiuse.a(ir.o)
 .text.wiiuse_set_ir_mode
                0x0000000080007f20       0x88 /home/morten/devkitpro/libogc/lib/wii/libwiiuse.a(ir.o)
                0x0000000080007f20                wiiuse_set_ir_mode
 .text.wiiuse_set_ir
                0x0000000080007fa8      0x228 /home/morten/devkitpro/libogc/lib/wii/libwiiuse.a(ir.o)
                0x0000000080007fa8                wiiuse_set_ir
 .text.wiiuse_set_ir_position
                0x00000000800081d0       0x84 /home/morten/devkitpro/libogc/lib/wii/libwiiuse.a(ir.o)
                0x00000000800081d0                wiiuse_set_ir_position
 .text.wiiuse_set_aspect_ratio
                0x0000000080008254       0x44 /home/morten/devkitpro/libogc/lib/wii/libwiiuse.a(ir.o)
                0x0000000080008254                wiiuse_set_aspect_ratio
 .text.wiiuse_set_ir_sensitivity
                0x0000000080008298      0x138 /home/morten/devkitpro/libogc/lib/wii/libwiiuse.a(ir.o)
                0x0000000080008298                wiiuse_set_ir_sensitivity
 .text.calculate_basic_ir
                0x00000000800083d0       0xec /home/morten/devkitpro/libogc/lib/wii/libwiiuse.a(ir.o)
                0x00000000800083d0                calculate_basic_ir
 .text.calculate_extended_ir
                0x00000000800084bc       0x70 /home/morten/devkitpro/libogc/lib/wii/libwiiuse.a(ir.o)
                0x00000000800084bc                calculate_extended_ir
 .text.nunchuk_handshake
                0x000000008000852c      0x2d8 /home/morten/devkitpro/libogc/lib/wii/libwiiuse.a(nunchuk.o)
                0x000000008000852c                nunchuk_handshake
 .text.nunchuk_disconnected
                0x0000000080008804        0xc /home/morten/devkitpro/libogc/lib/wii/libwiiuse.a(nunchuk.o)
                0x0000000080008804                nunchuk_disconnected
 .text.nunchuk_event
                0x0000000080008810       0xe0 /home/morten/devkitpro/libogc/lib/wii/libwiiuse.a(nunchuk.o)
                0x0000000080008810                nunchuk_event
 .text.wii_board_handshake
                0x00000000800088f0      0x2a4 /home/morten/devkitpro/libogc/lib/wii/libwiiuse.a(wiiboard.o)
                0x00000000800088f0                wii_board_handshake
 .text.wii_board_disconnected
                0x0000000080008b94        0xc /home/morten/devkitpro/libogc/lib/wii/libwiiuse.a(wiiboard.o)
                0x0000000080008b94                wii_board_disconnected
 .text.wii_board_event
                0x0000000080008ba0       0x54 /home/morten/devkitpro/libogc/lib/wii/libwiiuse.a(wiiboard.o)
                0x0000000080008ba0                wii_board_event
 .text.wiiuse_send_next_command
                0x0000000080008bf4       0x50 /home/morten/devkitpro/libogc/lib/wii/libwiiuse.a(wiiuse.o)
                0x0000000080008bf4                wiiuse_send_next_command
 .text.wiiuse_init
                0x0000000080008c44      0x1d4 /home/morten/devkitpro/libogc/lib/wii/libwiiuse.a(wiiuse.o)
                0x0000000080008c44                wiiuse_init
 .text.wiiuse_set_flags
                0x0000000080008e18       0x24 /home/morten/devkitpro/libogc/lib/wii/libwiiuse.a(wiiuse.o)
                0x0000000080008e18                wiiuse_set_flags
 .text.wiiuse_read_data
                0x0000000080008e3c      0x140 /home/morten/devkitpro/libogc/lib/wii/libwiiuse.a(wiiuse.o)
                0x0000000080008e3c                wiiuse_read_data
 .text.wiiuse_write_data
                0x0000000080008f7c      0x184 /home/morten/devkitpro/libogc/lib/wii/libwiiuse.a(wiiuse.o)
                0x0000000080008f7c                wiiuse_write_data
 .text.wiiuse_sendcmd
                0x0000000080009100      0x154 /home/morten/devkitpro/libogc/lib/wii/libwiiuse.a(wiiuse.o)
                0x0000000080009100                wiiuse_sendcmd
 .text.wiiuse_set_report_type
                0x0000000080009254      0x144 /home/morten/devkitpro/libogc/lib/wii/libwiiuse.a(wiiuse.o)
                0x0000000080009254                wiiuse_set_report_type
 .text.wiiuse_motion_sensing
                0x0000000080009398       0x7c /home/morten/devkitpro/libogc/lib/wii/libwiiuse.a(wiiuse.o)
                0x0000000080009398                wiiuse_motion_sensing
 .text.wiiuse_status
                0x0000000080009414       0x4c /home/morten/devkitpro/libogc/lib/wii/libwiiuse.a(wiiuse.o)
                0x0000000080009414                wiiuse_status
 .text.wiiuse_set_leds
                0x0000000080009460       0x50 /home/morten/devkitpro/libogc/lib/wii/libwiiuse.a(wiiuse.o)
                0x0000000080009460                wiiuse_set_leds
 .text.wiiuse_set_speaker
                0x00000000800094b0      0x25c /home/morten/devkitpro/libogc/lib/wii/libwiiuse.a(speaker.o)
                0x00000000800094b0                wiiuse_set_speaker
 .text.classic_ctrl_handshake
                0x000000008000970c      0x2b0 /home/morten/devkitpro/libogc/lib/wii/libwiiuse.a(classic.o)
                0x000000008000970c                classic_ctrl_handshake
 .text.classic_ctrl_disconnected
                0x00000000800099bc        0xc /home/morten/devkitpro/libogc/lib/wii/libwiiuse.a(classic.o)
                0x00000000800099bc                classic_ctrl_disconnected
 .text.classic_ctrl_event
                0x00000000800099c8      0x164 /home/morten/devkitpro/libogc/lib/wii/libwiiuse.a(classic.o)
                0x00000000800099c8                classic_ctrl_event
 .text.handle_expansion
                0x0000000080009b2c       0x54 /home/morten/devkitpro/libogc/lib/wii/libwiiuse.a(events.o)
 .text.parse_event
                0x0000000080009b80      0x710 /home/morten/devkitpro/libogc/lib/wii/libwiiuse.a(events.o)
                0x0000000080009b80                parse_event
 .text.guitar_hero_3_handshake
                0x000000008000a290       0x70 /home/morten/devkitpro/libogc/lib/wii/libwiiuse.a(guitar_hero_3.o)
                0x000000008000a290                guitar_hero_3_handshake
 .text.guitar_hero_3_disconnected
                0x000000008000a300        0xc /home/morten/devkitpro/libogc/lib/wii/libwiiuse.a(guitar_hero_3.o)
                0x000000008000a300                guitar_hero_3_disconnected
 .text.guitar_hero_3_event
                0x000000008000a30c       0x64 /home/morten/devkitpro/libogc/lib/wii/libwiiuse.a(guitar_hero_3.o)
                0x000000008000a30c                guitar_hero_3_event
 .text.bt_alarmhandler
                0x000000008000a370       0x60 /home/morten/devkitpro/libogc/lib/wii/libbte.a(bte.o)
 .text.__bte_send_pending_request
                0x000000008000a3d0      0x114 /home/morten/devkitpro/libogc/lib/wii/libbte.a(bte.o)
 .text.acl_conn_complete
                0x000000008000a4e4       0x2c /home/morten/devkitpro/libogc/lib/wii/libbte.a(bte.o)
                0x000000008000a4e4                acl_conn_complete
 .text.l2cap_disconnected_ind
                0x000000008000a510      0x180 /home/morten/devkitpro/libogc/lib/wii/libbte.a(bte.o)
                0x000000008000a510                l2cap_disconnected_ind
 .text.bte_process_input
                0x000000008000a690      0x13c /home/morten/devkitpro/libogc/lib/wii/libbte.a(bte.o)
 .text.l2cap_accepted
                0x000000008000a7cc      0x110 /home/morten/devkitpro/libogc/lib/wii/libbte.a(bte.o)
                0x000000008000a7cc                l2cap_accepted
 .text.acl_wlp_completed
                0x000000008000a8dc        0x8 /home/morten/devkitpro/libogc/lib/wii/libbte.a(bte.o)
                0x000000008000a8dc                acl_wlp_completed
 .text.l2cap_disconnect_cfm
                0x000000008000a8e4      0x180 /home/morten/devkitpro/libogc/lib/wii/libbte.a(bte.o)
                0x000000008000a8e4                l2cap_disconnect_cfm
 .text.__bte_shutdown_finished
                0x000000008000aa64       0xd8 /home/morten/devkitpro/libogc/lib/wii/libbte.a(bte.o)
 .text.bte_hci_apply_patch_complete
                0x000000008000ab3c      0x154 /home/morten/devkitpro/libogc/lib/wii/libbte.a(bte.o)
                0x000000008000ab3c                bte_hci_apply_patch_complete
 .text.bte_hci_initsub_complete
                0x000000008000ac90      0x234 /home/morten/devkitpro/libogc/lib/wii/libbte.a(bte.o)
                0x000000008000ac90                bte_hci_initsub_complete
 .text.bte_hci_initcore_complete
                0x000000008000aec4      0x1f0 /home/morten/devkitpro/libogc/lib/wii/libbte.a(bte.o)
                0x000000008000aec4                bte_hci_initcore_complete
 .text.bte_read_stored_link_key_complete
                0x000000008000b0b4      0x278 /home/morten/devkitpro/libogc/lib/wii/libbte.a(bte.o)
                0x000000008000b0b4                bte_read_stored_link_key_complete
 .text.bte_hci_initcore_complete2
                0x000000008000b32c      0x1e8 /home/morten/devkitpro/libogc/lib/wii/libbte.a(bte.o)
                0x000000008000b32c                bte_hci_initcore_complete2
 .text.bte_hci_patch_complete
                0x000000008000b514      0x2e0 /home/morten/devkitpro/libogc/lib/wii/libbte.a(bte.o)
                0x000000008000b514                bte_hci_patch_complete
 .text.BTE_Init
                0x000000008000b7f4      0x138 /home/morten/devkitpro/libogc/lib/wii/libbte.a(bte.o)
                0x000000008000b7f4                BTE_Init
 .text.BTE_Shutdown
                0x000000008000b92c      0x11c /home/morten/devkitpro/libogc/lib/wii/libbte.a(bte.o)
                0x000000008000b92c                BTE_Shutdown
 .text.BTE_InitCore
                0x000000008000ba48       0x94 /home/morten/devkitpro/libogc/lib/wii/libbte.a(bte.o)
                0x000000008000ba48                BTE_InitCore
 .text.BTE_ApplyPatch
                0x000000008000badc       0xb8 /home/morten/devkitpro/libogc/lib/wii/libbte.a(bte.o)
                0x000000008000badc                BTE_ApplyPatch
 .text.BTE_InitSub
                0x000000008000bb94       0x98 /home/morten/devkitpro/libogc/lib/wii/libbte.a(bte.o)
                0x000000008000bb94                BTE_InitSub
 .text.BTE_ReadStoredLinkKey
                0x000000008000bc2c       0x98 /home/morten/devkitpro/libogc/lib/wii/libbte.a(bte.o)
                0x000000008000bc2c                BTE_ReadStoredLinkKey
 .text.BTE_SetDisconnectCallback
                0x000000008000bcc4        0x4 /home/morten/devkitpro/libogc/lib/wii/libbte.a(bte.o)
                0x000000008000bcc4                BTE_SetDisconnectCallback
 .text.bte_new  0x000000008000bcc8       0x54 /home/morten/devkitpro/libogc/lib/wii/libbte.a(bte.o)
                0x000000008000bcc8                bte_new
 .text.bte_registerdeviceasync
                0x000000008000bd1c      0x154 /home/morten/devkitpro/libogc/lib/wii/libbte.a(bte.o)
                0x000000008000bd1c                bte_registerdeviceasync
 .text.bte_disconnect
                0x000000008000be70       0xd8 /home/morten/devkitpro/libogc/lib/wii/libbte.a(bte.o)
                0x000000008000be70                bte_disconnect
 .text.bte_senddata
                0x000000008000bf48       0xdc /home/morten/devkitpro/libogc/lib/wii/libbte.a(bte.o)
                0x000000008000bf48                bte_senddata
 .text.bte_arg  0x000000008000c024       0x3c /home/morten/devkitpro/libogc/lib/wii/libbte.a(bte.o)
                0x000000008000c024                bte_arg
 .text.bte_received
                0x000000008000c060       0x3c /home/morten/devkitpro/libogc/lib/wii/libbte.a(bte.o)
                0x000000008000c060                bte_received
 .text.bte_disconnected
                0x000000008000c09c       0x3c /home/morten/devkitpro/libogc/lib/wii/libbte.a(bte.o)
                0x000000008000c09c                bte_disconnected
 .text.hci_init
                0x000000008000c0d8       0x7c /home/morten/devkitpro/libogc/lib/wii/libbte.a(hci.o)
                0x000000008000c0d8                hci_init
 .text.hci_new  0x000000008000c154       0x48 /home/morten/devkitpro/libogc/lib/wii/libbte.a(hci.o)
                0x000000008000c154                hci_new
 .text.hci_get_link
                0x000000008000c19c       0x84 /home/morten/devkitpro/libogc/lib/wii/libbte.a(hci.o)
                0x000000008000c19c                hci_get_link
 .text.hci_close
                0x000000008000c220       0xd8 /home/morten/devkitpro/libogc/lib/wii/libbte.a(hci.o)
                0x000000008000c220                hci_close
 .text.hci_reset_all
                0x000000008000c2f8       0xbc /home/morten/devkitpro/libogc/lib/wii/libbte.a(hci.o)
                0x000000008000c2f8                hci_reset_all
 .text.hci_arg  0x000000008000c3b4        0xc /home/morten/devkitpro/libogc/lib/wii/libbte.a(hci.o)
                0x000000008000c3b4                hci_arg
 .text.hci_cmd_complete
                0x000000008000c3c0        0xc /home/morten/devkitpro/libogc/lib/wii/libbte.a(hci.o)
                0x000000008000c3c0                hci_cmd_complete
 .text.hci_connection_complete
                0x000000008000c3cc        0xc /home/morten/devkitpro/libogc/lib/wii/libbte.a(hci.o)
                0x000000008000c3cc                hci_connection_complete
 .text.hci_wlp_complete
                0x000000008000c3d8        0xc /home/morten/devkitpro/libogc/lib/wii/libbte.a(hci.o)
                0x000000008000c3d8                hci_wlp_complete
 .text.hci_reset
                0x000000008000c3e4       0xa8 /home/morten/devkitpro/libogc/lib/wii/libbte.a(hci.o)
                0x000000008000c3e4                hci_reset
 .text.hci_read_buffer_size
                0x000000008000c48c       0xa8 /home/morten/devkitpro/libogc/lib/wii/libbte.a(hci.o)
                0x000000008000c48c                hci_read_buffer_size
 .text.hci_read_bd_addr
                0x000000008000c534       0xa8 /home/morten/devkitpro/libogc/lib/wii/libbte.a(hci.o)
                0x000000008000c534                hci_read_bd_addr
 .text.hci_read_local_version
                0x000000008000c5dc       0xa4 /home/morten/devkitpro/libogc/lib/wii/libbte.a(hci.o)
                0x000000008000c5dc                hci_read_local_version
 .text.hci_read_local_features
                0x000000008000c680       0xa8 /home/morten/devkitpro/libogc/lib/wii/libbte.a(hci.o)
                0x000000008000c680                hci_read_local_features
 .text.hci_read_stored_link_key
                0x000000008000c728       0xfc /home/morten/devkitpro/libogc/lib/wii/libbte.a(hci.o)
                0x000000008000c728                hci_read_stored_link_key
 .text.hci_write_page_timeout
                0x000000008000c824       0xcc /home/morten/devkitpro/libogc/lib/wii/libbte.a(hci.o)
                0x000000008000c824                hci_write_page_timeout
 .text.hci_write_scan_enable
                0x000000008000c8f0       0xb8 /home/morten/devkitpro/libogc/lib/wii/libbte.a(hci.o)
                0x000000008000c8f0                hci_write_scan_enable
 .text.hci_accecpt_conn_request
                0x000000008000c9a8       0xdc /home/morten/devkitpro/libogc/lib/wii/libbte.a(hci.o)
                0x000000008000c9a8                hci_accecpt_conn_request
 .text.hci_write_local_name
                0x000000008000ca84       0xd4 /home/morten/devkitpro/libogc/lib/wii/libbte.a(hci.o)
                0x000000008000ca84                hci_write_local_name
 .text.hci_write_pin_type
                0x000000008000cb58       0xb8 /home/morten/devkitpro/libogc/lib/wii/libbte.a(hci.o)
                0x000000008000cb58                hci_write_pin_type
 .text.hci_write_inquiry_mode
                0x000000008000cc10       0xb8 /home/morten/devkitpro/libogc/lib/wii/libbte.a(hci.o)
                0x000000008000cc10                hci_write_inquiry_mode
 .text.hci_write_page_scan_type
                0x000000008000ccc8       0xb8 /home/morten/devkitpro/libogc/lib/wii/libbte.a(hci.o)
                0x000000008000ccc8                hci_write_page_scan_type
 .text.hci_write_inquiry_scan_type
                0x000000008000cd80       0xb8 /home/morten/devkitpro/libogc/lib/wii/libbte.a(hci.o)
                0x000000008000cd80                hci_write_inquiry_scan_type
 .text.hci_vendor_specific_command
                0x000000008000ce38       0xe4 /home/morten/devkitpro/libogc/lib/wii/libbte.a(hci.o)
                0x000000008000ce38                hci_vendor_specific_command
 .text.hci_write_link_policy_settings
                0x000000008000cf1c       0xfc /home/morten/devkitpro/libogc/lib/wii/libbte.a(hci.o)
                0x000000008000cf1c                hci_write_link_policy_settings
 .text.hci_pin_code_request_neg_reply
                0x000000008000d018       0xc8 /home/morten/devkitpro/libogc/lib/wii/libbte.a(hci.o)
                0x000000008000d018                hci_pin_code_request_neg_reply
 .text.hci_link_key_req_neg_reply
                0x000000008000d0e0       0xc8 /home/morten/devkitpro/libogc/lib/wii/libbte.a(hci.o)
                0x000000008000d0e0                hci_link_key_req_neg_reply
 .text.hci_disconnect
                0x000000008000d1a8       0xf4 /home/morten/devkitpro/libogc/lib/wii/libbte.a(hci.o)
                0x000000008000d1a8                hci_disconnect
 .text.hci_write_cod
                0x000000008000d29c       0xc8 /home/morten/devkitpro/libogc/lib/wii/libbte.a(hci.o)
                0x000000008000d29c                hci_write_cod
 .text.hci_host_buffer_size
                0x000000008000d364      0x108 /home/morten/devkitpro/libogc/lib/wii/libbte.a(hci.o)
                0x000000008000d364                hci_host_buffer_size
 .text.hci_host_num_comp_packets
                0x000000008000d46c      0x104 /home/morten/devkitpro/libogc/lib/wii/libbte.a(hci.o)
                0x000000008000d46c                hci_host_num_comp_packets
 .text.lp_pdu_maxsize
                0x000000008000d570        0xc /home/morten/devkitpro/libogc/lib/wii/libbte.a(hci.o)
                0x000000008000d570                lp_pdu_maxsize
 .text.lp_acl_write
                0x000000008000d57c      0x16c /home/morten/devkitpro/libogc/lib/wii/libbte.a(hci.o)
                0x000000008000d57c                lp_acl_write
 .text.lp_write_flush_timeout
                0x000000008000d6e8       0xfc /home/morten/devkitpro/libogc/lib/wii/libbte.a(hci.o)
                0x000000008000d6e8                lp_write_flush_timeout
 .text.hci_event_handler
                0x000000008000d7e4      0xb7c /home/morten/devkitpro/libogc/lib/wii/libbte.a(hci.o)
                0x000000008000d7e4                hci_event_handler
 .text.hci_acldata_handler
                0x000000008000e360      0x120 /home/morten/devkitpro/libogc/lib/wii/libbte.a(hci.o)
                0x000000008000e360                hci_acldata_handler
 .text.l2cap_init
                0x000000008000e480       0x60 /home/morten/devkitpro/libogc/lib/wii/libbte.a(l2cap.o)
                0x000000008000e480                l2cap_init
 .text.l2cap_write
                0x000000008000e4e0      0x158 /home/morten/devkitpro/libogc/lib/wii/libbte.a(l2cap.o)
                0x000000008000e4e0                l2cap_write
 .text.l2cap_new
                0x000000008000e638       0x74 /home/morten/devkitpro/libogc/lib/wii/libbte.a(l2cap.o)
                0x000000008000e638                l2cap_new
 .text.l2cap_close
                0x000000008000e6ac      0x1b4 /home/morten/devkitpro/libogc/lib/wii/libbte.a(l2cap.o)
                0x000000008000e6ac                l2cap_close
 .text.l2cap_reset_all
                0x000000008000e860      0x17c /home/morten/devkitpro/libogc/lib/wii/libbte.a(l2cap.o)
                0x000000008000e860                l2cap_reset_all
 .text.l2cap_signal
                0x000000008000e9dc      0x21c /home/morten/devkitpro/libogc/lib/wii/libbte.a(l2cap.o)
                0x000000008000e9dc                l2cap_signal
 .text.l2ca_config_req
                0x000000008000ebf8      0x138 /home/morten/devkitpro/libogc/lib/wii/libbte.a(l2cap.o)
                0x000000008000ebf8                l2ca_config_req
 .text.l2ca_disconnect_req
                0x000000008000ed30       0xc4 /home/morten/devkitpro/libogc/lib/wii/libbte.a(l2cap.o)
                0x000000008000ed30                l2ca_disconnect_req
 .text.l2cap_tmr
                0x000000008000edf4      0x288 /home/morten/devkitpro/libogc/lib/wii/libbte.a(l2cap.o)
                0x000000008000edf4                l2cap_tmr
 .text.l2cap_process_sig
                0x000000008000f07c     0x1270 /home/morten/devkitpro/libogc/lib/wii/libbte.a(l2cap.o)
                0x000000008000f07c                l2cap_process_sig
 .text.l2cap_input
                0x00000000800102ec      0x564 /home/morten/devkitpro/libogc/lib/wii/libbte.a(l2cap.o)
                0x00000000800102ec                l2cap_input
 .text.l2ca_datawrite
                0x0000000080010850      0x128 /home/morten/devkitpro/libogc/lib/wii/libbte.a(l2cap.o)
                0x0000000080010850                l2ca_datawrite
 .text.lp_connect_cfm
                0x0000000080010978      0x148 /home/morten/devkitpro/libogc/lib/wii/libbte.a(l2cap.o)
                0x0000000080010978                lp_connect_cfm
 .text.lp_connect_ind
                0x0000000080010ac0        0x4 /home/morten/devkitpro/libogc/lib/wii/libbte.a(l2cap.o)
                0x0000000080010ac0                lp_connect_ind
 .text.lp_disconnect_ind
                0x0000000080010ac4      0x134 /home/morten/devkitpro/libogc/lib/wii/libbte.a(l2cap.o)
                0x0000000080010ac4                lp_disconnect_ind
 .text.l2cap_disconnect_bb
                0x0000000080010bf8       0x10 /home/morten/devkitpro/libogc/lib/wii/libbte.a(l2cap.o)
                0x0000000080010bf8                l2cap_disconnect_bb
 .text.l2cap_arg
                0x0000000080010c08        0x8 /home/morten/devkitpro/libogc/lib/wii/libbte.a(l2cap.o)
                0x0000000080010c08                l2cap_arg
 .text.l2cap_connect_ind
                0x0000000080010c10      0x104 /home/morten/devkitpro/libogc/lib/wii/libbte.a(l2cap.o)
                0x0000000080010c10                l2cap_connect_ind
 .text.l2cap_disconnect_ind
                0x0000000080010d14        0x8 /home/morten/devkitpro/libogc/lib/wii/libbte.a(l2cap.o)
                0x0000000080010d14                l2cap_disconnect_ind
 .text.l2cap_recv
                0x0000000080010d1c        0x8 /home/morten/devkitpro/libogc/lib/wii/libbte.a(l2cap.o)
                0x0000000080010d1c                l2cap_recv
 .text.btmemb_init
                0x0000000080010d24       0x24 /home/morten/devkitpro/libogc/lib/wii/libbte.a(btmemb.o)
                0x0000000080010d24                btmemb_init
 .text.btmemb_alloc
                0x0000000080010d48       0xb0 /home/morten/devkitpro/libogc/lib/wii/libbte.a(btmemb.o)
                0x0000000080010d48                btmemb_alloc
 .text.btmemb_free
                0x0000000080010df8       0xb0 /home/morten/devkitpro/libogc/lib/wii/libbte.a(btmemb.o)
                0x0000000080010df8                btmemb_free
 .text.plug_holes
                0x0000000080010ea8       0xa4 /home/morten/devkitpro/libogc/lib/wii/libbte.a(btmemr.o)
 .text.btmemr_free.part.0
                0x0000000080010f4c       0x7c /home/morten/devkitpro/libogc/lib/wii/libbte.a(btmemr.o)
 .text.btmemr_init
                0x0000000080010fc8       0xa4 /home/morten/devkitpro/libogc/lib/wii/libbte.a(btmemr.o)
                0x0000000080010fc8                btmemr_init
 .text.btmemr_malloc
                0x000000008001106c      0x190 /home/morten/devkitpro/libogc/lib/wii/libbte.a(btmemr.o)
                0x000000008001106c                btmemr_malloc
 .text.btmemr_free
                0x00000000800111fc       0x28 /home/morten/devkitpro/libogc/lib/wii/libbte.a(btmemr.o)
                0x00000000800111fc                btmemr_free
 .text.btmemr_realloc
                0x0000000080011224      0x11c /home/morten/devkitpro/libogc/lib/wii/libbte.a(btmemr.o)
                0x0000000080011224                btmemr_realloc
 .text.btpbuf_init
                0x0000000080011340       0x28 /home/morten/devkitpro/libogc/lib/wii/libbte.a(btpbuf.o)
                0x0000000080011340                btpbuf_init
 .text.btpbuf_free
                0x0000000080011368      0x15c /home/morten/devkitpro/libogc/lib/wii/libbte.a(btpbuf.o)
                0x0000000080011368                btpbuf_free
 .text.btpbuf_alloc
                0x00000000800114c4      0x234 /home/morten/devkitpro/libogc/lib/wii/libbte.a(btpbuf.o)
                0x00000000800114c4                btpbuf_alloc
 .text.btpbuf_realloc
                0x00000000800116f8       0xc4 /home/morten/devkitpro/libogc/lib/wii/libbte.a(btpbuf.o)
                0x00000000800116f8                btpbuf_realloc
 .text.btpbuf_header
                0x00000000800117bc       0x94 /home/morten/devkitpro/libogc/lib/wii/libbte.a(btpbuf.o)
                0x00000000800117bc                btpbuf_header
 .text.btpbuf_ref
                0x0000000080011850       0x4c /home/morten/devkitpro/libogc/lib/wii/libbte.a(btpbuf.o)
                0x0000000080011850                btpbuf_ref
 .text.btpbuf_chain
                0x000000008001189c       0xac /home/morten/devkitpro/libogc/lib/wii/libbte.a(btpbuf.o)
                0x000000008001189c                btpbuf_chain
 .text.btpbuf_dechain
                0x0000000080011948       0x84 /home/morten/devkitpro/libogc/lib/wii/libbte.a(btpbuf.o)
                0x0000000080011948                btpbuf_dechain
 .text.btpbuf_take
                0x00000000800119cc      0x110 /home/morten/devkitpro/libogc/lib/wii/libbte.a(btpbuf.o)
                0x00000000800119cc                btpbuf_take
 .text.__usb_closeCB
                0x0000000080011adc       0x10 /home/morten/devkitpro/libogc/lib/wii/libbte.a(physbusif.o)
 .text.__writebulkmsgCB
                0x0000000080011aec       0x3c /home/morten/devkitpro/libogc/lib/wii/libbte.a(physbusif.o)
 .text.__writectrlmsgCB
                0x0000000080011b28       0x3c /home/morten/devkitpro/libogc/lib/wii/libbte.a(physbusif.o)
 .text.__issue_intrread.part.0
                0x0000000080011b64       0x80 /home/morten/devkitpro/libogc/lib/wii/libbte.a(physbusif.o)
 .text.__readintrdataCB
                0x0000000080011be4      0x13c /home/morten/devkitpro/libogc/lib/wii/libbte.a(physbusif.o)
 .text.__issue_bulkread.part.2
                0x0000000080011d20       0x80 /home/morten/devkitpro/libogc/lib/wii/libbte.a(physbusif.o)
 .text.__readbulkdataCB
                0x0000000080011da0      0x13c /home/morten/devkitpro/libogc/lib/wii/libbte.a(physbusif.o)
 .text.physbusif_init
                0x0000000080011edc      0x200 /home/morten/devkitpro/libogc/lib/wii/libbte.a(physbusif.o)
                0x0000000080011edc                physbusif_init
 .text.physbusif_close
                0x00000000800120dc       0x20 /home/morten/devkitpro/libogc/lib/wii/libbte.a(physbusif.o)
                0x00000000800120dc                physbusif_close
 .text.physbusif_shutdown
                0x00000000800120fc       0x24 /home/morten/devkitpro/libogc/lib/wii/libbte.a(physbusif.o)
                0x00000000800120fc                physbusif_shutdown
 .text.physbusif_reset_all
                0x0000000080012120        0x4 /home/morten/devkitpro/libogc/lib/wii/libbte.a(physbusif.o)
                0x0000000080012120                physbusif_reset_all
 .text.physbusif_output
                0x0000000080012124      0x1a8 /home/morten/devkitpro/libogc/lib/wii/libbte.a(physbusif.o)
                0x0000000080012124                physbusif_output
 .text.fatMount
                0x00000000800122cc      0x118 /home/morten/devkitpro/libogc/lib/wii/libfat.a(libfat.o)
                0x00000000800122cc                fatMount
 .text.fatInit  0x00000000800123e4      0x198 /home/morten/devkitpro/libogc/lib/wii/libfat.a(libfat.o)
                0x00000000800123e4                fatInit
 .text.fatInitDefault
                0x000000008001257c        0xc /home/morten/devkitpro/libogc/lib/wii/libfat.a(libfat.o)
                0x000000008001257c                fatInitDefault
 .text.u8array_to_u16
                0x0000000080012588       0x18 /home/morten/devkitpro/libogc/lib/wii/libfat.a(partition.o)
 .text.u8array_to_u32
                0x00000000800125a0       0x30 /home/morten/devkitpro/libogc/lib/wii/libfat.a(partition.o)
 .text.u32_to_u8array
                0x00000000800125d0       0x20 /home/morten/devkitpro/libogc/lib/wii/libfat.a(partition.o)
 .text.FindFirstValidPartition_buf
                0x00000000800125f0      0x1dc /home/morten/devkitpro/libogc/lib/wii/libfat.a(partition.o)
                0x00000000800125f0                FindFirstValidPartition_buf
 .text._FAT_partition_getPartitionFromPath
                0x00000000800127cc       0x34 /home/morten/devkitpro/libogc/lib/wii/libfat.a(partition.o)
                0x00000000800127cc                _FAT_partition_getPartitionFromPath
 .text._FAT_partition_createFSinfo
                0x0000000080012800       0xf4 /home/morten/devkitpro/libogc/lib/wii/libfat.a(partition.o)
                0x0000000080012800                _FAT_partition_createFSinfo
 .text._FAT_partition_readFSinfo
                0x00000000800128f4       0xf4 /home/morten/devkitpro/libogc/lib/wii/libfat.a(partition.o)
                0x00000000800128f4                _FAT_partition_readFSinfo
 .text._FAT_partition_constructor_buf
                0x00000000800129e8      0x354 /home/morten/devkitpro/libogc/lib/wii/libfat.a(partition.o)
                0x00000000800129e8                _FAT_partition_constructor_buf
 .text._FAT_partition_constructor
                0x0000000080012d3c       0x6c /home/morten/devkitpro/libogc/lib/wii/libfat.a(partition.o)
                0x0000000080012d3c                _FAT_partition_constructor
 .text._FAT_stat_r
                0x0000000080012da8       0xc0 /home/morten/devkitpro/libogc/lib/wii/libfat.a(fatdir.o)
                0x0000000080012da8                _FAT_stat_r
 .text._FAT_link_r
                0x0000000080012e68       0x10 /home/morten/devkitpro/libogc/lib/wii/libfat.a(fatdir.o)
                0x0000000080012e68                _FAT_link_r
 .text._FAT_unlink_r
                0x0000000080012e78      0x1b0 /home/morten/devkitpro/libogc/lib/wii/libfat.a(fatdir.o)
                0x0000000080012e78                _FAT_unlink_r
 .text._FAT_chdir_r
                0x0000000080013028       0xa0 /home/morten/devkitpro/libogc/lib/wii/libfat.a(fatdir.o)
                0x0000000080013028                _FAT_chdir_r
 .text._FAT_rename_r
                0x00000000800130c8      0x234 /home/morten/devkitpro/libogc/lib/wii/libfat.a(fatdir.o)
                0x00000000800130c8                _FAT_rename_r
 .text._FAT_mkdir_r
                0x00000000800132fc      0x314 /home/morten/devkitpro/libogc/lib/wii/libfat.a(fatdir.o)
                0x00000000800132fc                _FAT_mkdir_r
 .text._FAT_statvfs_r
                0x0000000080013610       0xf8 /home/morten/devkitpro/libogc/lib/wii/libfat.a(fatdir.o)
                0x0000000080013610                _FAT_statvfs_r
 .text._FAT_diropen_r
                0x0000000080013708      0x104 /home/morten/devkitpro/libogc/lib/wii/libfat.a(fatdir.o)
                0x0000000080013708                _FAT_diropen_r
 .text._FAT_dirreset_r
                0x000000008001380c       0x74 /home/morten/devkitpro/libogc/lib/wii/libfat.a(fatdir.o)
                0x000000008001380c                _FAT_dirreset_r
 .text._FAT_dirnext_r
                0x0000000080013880       0xc4 /home/morten/devkitpro/libogc/lib/wii/libfat.a(fatdir.o)
                0x0000000080013880                _FAT_dirnext_r
 .text._FAT_dirclose_r
                0x0000000080013944       0x40 /home/morten/devkitpro/libogc/lib/wii/libfat.a(fatdir.o)
                0x0000000080013944                _FAT_dirclose_r
 .text._FAT_cache_getPage
                0x0000000080013984      0x15c /home/morten/devkitpro/libogc/lib/wii/libfat.a(cache.o)
 .text._FAT_cache_constructor
                0x0000000080013ae0       0xe0 /home/morten/devkitpro/libogc/lib/wii/libfat.a(cache.o)
                0x0000000080013ae0                _FAT_cache_constructor
 .text._FAT_cache_readSectors
                0x0000000080013bc0       0xa4 /home/morten/devkitpro/libogc/lib/wii/libfat.a(cache.o)
                0x0000000080013bc0                _FAT_cache_readSectors
 .text._FAT_cache_readPartialSector
                0x0000000080013c64       0x88 /home/morten/devkitpro/libogc/lib/wii/libfat.a(cache.o)
                0x0000000080013c64                _FAT_cache_readPartialSector
 .text._FAT_cache_readLittleEndianValue
                0x0000000080013cec       0x74 /home/morten/devkitpro/libogc/lib/wii/libfat.a(cache.o)
                0x0000000080013cec                _FAT_cache_readLittleEndianValue
 .text._FAT_cache_writePartialSector
                0x0000000080013d60       0x90 /home/morten/devkitpro/libogc/lib/wii/libfat.a(cache.o)
                0x0000000080013d60                _FAT_cache_writePartialSector
 .text._FAT_cache_writeLittleEndianValue
                0x0000000080013df0       0x80 /home/morten/devkitpro/libogc/lib/wii/libfat.a(cache.o)
                0x0000000080013df0                _FAT_cache_writeLittleEndianValue
 .text._FAT_cache_eraseWritePartialSector
                0x0000000080013e70       0xa8 /home/morten/devkitpro/libogc/lib/wii/libfat.a(cache.o)
                0x0000000080013e70                _FAT_cache_eraseWritePartialSector
 .text._FAT_cache_writeSectors
                0x0000000080013f18       0xac /home/morten/devkitpro/libogc/lib/wii/libfat.a(cache.o)
                0x0000000080013f18                _FAT_cache_writeSectors
 .text._FAT_cache_flush
                0x0000000080013fc4       0x88 /home/morten/devkitpro/libogc/lib/wii/libfat.a(cache.o)
                0x0000000080013fc4                _FAT_cache_flush
 .text._FAT_fat_clusterToSector
                0x000000008001404c       0x28 /home/morten/devkitpro/libogc/lib/wii/libfat.a(fatfile.o)
 .text._FAT_check_position_for_next_cluster.isra.6
                0x0000000080014074       0xf4 /home/morten/devkitpro/libogc/lib/wii/libfat.a(fatfile.o)
 .text._FAT_file_extend_r
                0x0000000080014168      0x28c /home/morten/devkitpro/libogc/lib/wii/libfat.a(fatfile.o)
 .text._FAT_open_r
                0x00000000800143f4      0x3c0 /home/morten/devkitpro/libogc/lib/wii/libfat.a(fatfile.o)
                0x00000000800143f4                _FAT_open_r
 .text._FAT_syncToDisc
                0x00000000800147b4      0x154 /home/morten/devkitpro/libogc/lib/wii/libfat.a(fatfile.o)
                0x00000000800147b4                _FAT_syncToDisc
 .text._FAT_close_r
                0x0000000080014908       0xc4 /home/morten/devkitpro/libogc/lib/wii/libfat.a(fatfile.o)
                0x0000000080014908                _FAT_close_r
 .text._FAT_read_r
                0x00000000800149cc      0x3b4 /home/morten/devkitpro/libogc/lib/wii/libfat.a(fatfile.o)
                0x00000000800149cc                _FAT_read_r
 .text._FAT_write_r
                0x0000000080014d80      0x540 /home/morten/devkitpro/libogc/lib/wii/libfat.a(fatfile.o)
                0x0000000080014d80                _FAT_write_r
 .text._FAT_seek_r
                0x00000000800152c0      0x1e0 /home/morten/devkitpro/libogc/lib/wii/libfat.a(fatfile.o)
                0x00000000800152c0                _FAT_seek_r
 .text._FAT_fstat_r
                0x00000000800154a0       0xcc /home/morten/devkitpro/libogc/lib/wii/libfat.a(fatfile.o)
                0x00000000800154a0                _FAT_fstat_r
 .text._FAT_ftruncate_r
                0x000000008001556c      0x1f0 /home/morten/devkitpro/libogc/lib/wii/libfat.a(fatfile.o)
                0x000000008001556c                _FAT_ftruncate_r
 .text._FAT_fsync_r
                0x000000008001575c       0x70 /home/morten/devkitpro/libogc/lib/wii/libfat.a(fatfile.o)
                0x000000008001575c                _FAT_fsync_r
 .text.get_io_wiisd
                0x00000000800157cc        0xc /home/morten/devkitpro/libogc/lib/wii/libfat.a(disc.o)
 .text.get_io_usbstorage
                0x00000000800157d8        0xc /home/morten/devkitpro/libogc/lib/wii/libfat.a(disc.o)
 .text.get_io_gcsda
                0x00000000800157e4        0xc /home/morten/devkitpro/libogc/lib/wii/libfat.a(disc.o)
 .text.get_io_gcsdb
                0x00000000800157f0        0xc /home/morten/devkitpro/libogc/lib/wii/libfat.a(disc.o)
 .text._FAT_fat_writeFatEntry
                0x00000000800157fc      0x1b0 /home/morten/devkitpro/libogc/lib/wii/libfat.a(file_allocation_table.o)
 .text._FAT_fat_nextCluster
                0x00000000800159ac      0x194 /home/morten/devkitpro/libogc/lib/wii/libfat.a(file_allocation_table.o)
                0x00000000800159ac                _FAT_fat_nextCluster
 .text._FAT_fat_linkFreeCluster
                0x0000000080015b40       0xe4 /home/morten/devkitpro/libogc/lib/wii/libfat.a(file_allocation_table.o)
                0x0000000080015b40                _FAT_fat_linkFreeCluster
 .text._FAT_fat_linkFreeClusterCleared
                0x0000000080015c24       0xac /home/morten/devkitpro/libogc/lib/wii/libfat.a(file_allocation_table.o)
                0x0000000080015c24                _FAT_fat_linkFreeClusterCleared
 .text._FAT_fat_clearLinks
                0x0000000080015cd0       0xbc /home/morten/devkitpro/libogc/lib/wii/libfat.a(file_allocation_table.o)
                0x0000000080015cd0                _FAT_fat_clearLinks
 .text._FAT_fat_trimChain
                0x0000000080015d8c       0xb4 /home/morten/devkitpro/libogc/lib/wii/libfat.a(file_allocation_table.o)
                0x0000000080015d8c                _FAT_fat_trimChain
 .text._FAT_fat_lastCluster
                0x0000000080015e40       0x68 /home/morten/devkitpro/libogc/lib/wii/libfat.a(file_allocation_table.o)
                0x0000000080015e40                _FAT_fat_lastCluster
 .text._FAT_fat_freeClusterCount
                0x0000000080015ea8       0x50 /home/morten/devkitpro/libogc/lib/wii/libfat.a(file_allocation_table.o)
                0x0000000080015ea8                _FAT_fat_freeClusterCount
 .text._FAT_filetime_getTimeFromRTC
                0x0000000080015ef8       0x7c /home/morten/devkitpro/libogc/lib/wii/libfat.a(filetime.o)
                0x0000000080015ef8                _FAT_filetime_getTimeFromRTC
 .text._FAT_filetime_getDateFromRTC
                0x0000000080015f74       0x7c /home/morten/devkitpro/libogc/lib/wii/libfat.a(filetime.o)
                0x0000000080015f74                _FAT_filetime_getDateFromRTC
 .text._FAT_filetime_to_time_t
                0x0000000080015ff0       0x64 /home/morten/devkitpro/libogc/lib/wii/libfat.a(filetime.o)
                0x0000000080015ff0                _FAT_filetime_to_time_t
 .text.u8array_to_u16
                0x0000000080016054       0x18 /home/morten/devkitpro/libogc/lib/wii/libfat.a(directory.o)
 .text._FAT_directory_entryGetAlias
                0x000000008001606c      0x14c /home/morten/devkitpro/libogc/lib/wii/libfat.a(directory.o)
 .text._FAT_directory_mbsncasecmp
                0x00000000800161b8       0xec /home/morten/devkitpro/libogc/lib/wii/libfat.a(directory.o)
 .text._FAT_fat_clusterToSector
                0x00000000800162a4       0x28 /home/morten/devkitpro/libogc/lib/wii/libfat.a(directory.o)
 .text._FAT_directory_incrementDirEntryPosition
                0x00000000800162cc      0x108 /home/morten/devkitpro/libogc/lib/wii/libfat.a(directory.o)
 .text._FAT_directory_ucs2tombs.constprop.6
                0x00000000800163d4       0xd8 /home/morten/devkitpro/libogc/lib/wii/libfat.a(directory.o)
 .text._FAT_directory_entryGetCluster
                0x00000000800164ac       0x54 /home/morten/devkitpro/libogc/lib/wii/libfat.a(directory.o)
                0x00000000800164ac                _FAT_directory_entryGetCluster
 .text._FAT_directory_getNextEntry
                0x0000000080016500      0x24c /home/morten/devkitpro/libogc/lib/wii/libfat.a(directory.o)
                0x0000000080016500                _FAT_directory_getNextEntry
 .text._FAT_directory_getFirstEntry
                0x000000008001674c       0x28 /home/morten/devkitpro/libogc/lib/wii/libfat.a(directory.o)
                0x000000008001674c                _FAT_directory_getFirstEntry
 .text._FAT_directory_entryExists
                0x0000000080016774       0xc4 /home/morten/devkitpro/libogc/lib/wii/libfat.a(directory.o)
 .text._FAT_directory_getRootEntry
                0x0000000080016838       0xa8 /home/morten/devkitpro/libogc/lib/wii/libfat.a(directory.o)
                0x0000000080016838                _FAT_directory_getRootEntry
 .text._FAT_directory_entryFromPosition
                0x00000000800168e0      0x198 /home/morten/devkitpro/libogc/lib/wii/libfat.a(directory.o)
                0x00000000800168e0                _FAT_directory_entryFromPosition
 .text._FAT_directory_entryFromPath
                0x0000000080016a78      0x2c0 /home/morten/devkitpro/libogc/lib/wii/libfat.a(directory.o)